   1              	 .syntax unified
   2              	 .cpu cortex-m4
   3              	 .eabi_attribute 27,3
   4              	 .fpu fpv4-sp-d16
   5              	 .eabi_attribute 20,1
   6              	 .eabi_attribute 21,1
   7              	 .eabi_attribute 23,3
   8              	 .eabi_attribute 24,1
   9              	 .eabi_attribute 25,1
  10              	 .eabi_attribute 26,1
  11              	 .eabi_attribute 30,6
  12              	 .eabi_attribute 34,1
  13              	 .eabi_attribute 18,4
  14              	 .thumb
  15              	 .file "xmc_gpio.c"
  16              	 .text
  17              	.Ltext0:
  18              	 .cfi_sections .debug_frame
  19              	 .section .text.XMC_GPIO_SetMode,"ax",%progbits
  20              	 .align 2
  21              	 .global XMC_GPIO_SetMode
  22              	 .thumb
  23              	 .thumb_func
  25              	XMC_GPIO_SetMode:
  26              	.LFB147:
  27              	 .file 1 "../Libraries/XMCLib/src/xmc_gpio.c"
   1:../Libraries/XMCLib/src/xmc_gpio.c **** /**
   2:../Libraries/XMCLib/src/xmc_gpio.c ****  * @file xmc_gpio.c
   3:../Libraries/XMCLib/src/xmc_gpio.c ****  * @date 2015-06-20
   4:../Libraries/XMCLib/src/xmc_gpio.c ****  *
   5:../Libraries/XMCLib/src/xmc_gpio.c ****  * @cond
   6:../Libraries/XMCLib/src/xmc_gpio.c ****  **************************************************************************************************
   7:../Libraries/XMCLib/src/xmc_gpio.c ****  * XMClib v2.1.24 - XMC Peripheral Driver Library 
   8:../Libraries/XMCLib/src/xmc_gpio.c ****  *
   9:../Libraries/XMCLib/src/xmc_gpio.c ****  * Copyright (c) 2015-2019, Infineon Technologies AG
  10:../Libraries/XMCLib/src/xmc_gpio.c ****  * All rights reserved.                        
  11:../Libraries/XMCLib/src/xmc_gpio.c ****  *                                             
  12:../Libraries/XMCLib/src/xmc_gpio.c ****  * Redistribution and use in source and binary forms, with or without modification,are permitted pr
  13:../Libraries/XMCLib/src/xmc_gpio.c ****  * following conditions are met:   
  14:../Libraries/XMCLib/src/xmc_gpio.c ****  *                                                                              
  15:../Libraries/XMCLib/src/xmc_gpio.c ****  * Redistributions of source code must retain the above copyright notice, this list of conditions a
  16:../Libraries/XMCLib/src/xmc_gpio.c ****  * disclaimer.                        
  17:../Libraries/XMCLib/src/xmc_gpio.c ****  * 
  18:../Libraries/XMCLib/src/xmc_gpio.c ****  * Redistributions in binary form must reproduce the above copyright notice, this list of condition
  19:../Libraries/XMCLib/src/xmc_gpio.c ****  * disclaimer in the documentation and/or other materials provided with the distribution.          
  20:../Libraries/XMCLib/src/xmc_gpio.c ****  * 
  21:../Libraries/XMCLib/src/xmc_gpio.c ****  * Neither the name of the copyright holders nor the names of its contributors may be used to endor
  22:../Libraries/XMCLib/src/xmc_gpio.c ****  * products derived from this software without specific prior written permission.                  
  23:../Libraries/XMCLib/src/xmc_gpio.c ****  *                                                                              
  24:../Libraries/XMCLib/src/xmc_gpio.c ****  * THIS SOFTWARE IS PROVIDED BY THE COPYRIGHT HOLDERS AND CONTRIBUTORS "AS IS" AND ANY EXPRESS OR I
  25:../Libraries/XMCLib/src/xmc_gpio.c ****  * INCLUDING, BUT NOT LIMITED TO, THE IMPLIED WARRANTIES OF MERCHANTABILITY AND FITNESS FOR A PARTI
  26:../Libraries/XMCLib/src/xmc_gpio.c ****  * DISCLAIMED. IN NO EVENT SHALL THE COPYRIGHT HOLDER OR CONTRIBUTORS BE LIABLE  FOR ANY DIRECT, IN
  27:../Libraries/XMCLib/src/xmc_gpio.c ****  * SPECIAL, EXEMPLARY, OR CONSEQUENTIAL DAMAGES (INCLUDING, BUT NOT LIMITED TO, PROCUREMENT OF SUBS
  28:../Libraries/XMCLib/src/xmc_gpio.c ****  * SERVICES; LOSS OF USE, DATA, OR PROFITS; OR BUSINESS INTERRUPTION) HOWEVER CAUSED AND ON ANY THE
  29:../Libraries/XMCLib/src/xmc_gpio.c ****  * WHETHER IN CONTRACT, STRICT LIABILITY,OR TORT (INCLUDING NEGLIGENCE OR OTHERWISE) ARISING IN ANY
  30:../Libraries/XMCLib/src/xmc_gpio.c ****  * OF THIS SOFTWARE, EVEN IF ADVISED OF THE POSSIBILITY OF SUCH DAMAGE.                            
  31:../Libraries/XMCLib/src/xmc_gpio.c ****  *                                                                              
  32:../Libraries/XMCLib/src/xmc_gpio.c ****  * To improve the quality of the software, users are encouraged to share modifications, enhancement
  33:../Libraries/XMCLib/src/xmc_gpio.c ****  * Infineon Technologies AG dave@infineon.com).                                                    
  34:../Libraries/XMCLib/src/xmc_gpio.c ****  **************************************************************************************************
  35:../Libraries/XMCLib/src/xmc_gpio.c ****  *
  36:../Libraries/XMCLib/src/xmc_gpio.c ****  * Change History
  37:../Libraries/XMCLib/src/xmc_gpio.c ****  * --------------
  38:../Libraries/XMCLib/src/xmc_gpio.c ****  *
  39:../Libraries/XMCLib/src/xmc_gpio.c ****  * 2015-02-20:
  40:../Libraries/XMCLib/src/xmc_gpio.c ****  *     - Initial draft <br>
  41:../Libraries/XMCLib/src/xmc_gpio.c ****  *      
  42:../Libraries/XMCLib/src/xmc_gpio.c ****  * 2015-06-20:
  43:../Libraries/XMCLib/src/xmc_gpio.c ****  *     - Removed version macros and declaration of GetDriverVersion API
  44:../Libraries/XMCLib/src/xmc_gpio.c ****  *
  45:../Libraries/XMCLib/src/xmc_gpio.c ****  * @endcond
  46:../Libraries/XMCLib/src/xmc_gpio.c ****  *
  47:../Libraries/XMCLib/src/xmc_gpio.c ****  */
  48:../Libraries/XMCLib/src/xmc_gpio.c **** 
  49:../Libraries/XMCLib/src/xmc_gpio.c **** /*******************************************************************************
  50:../Libraries/XMCLib/src/xmc_gpio.c ****  * HEADER FILES
  51:../Libraries/XMCLib/src/xmc_gpio.c ****  *******************************************************************************/
  52:../Libraries/XMCLib/src/xmc_gpio.c **** 
  53:../Libraries/XMCLib/src/xmc_gpio.c **** #include <xmc_gpio.h>
  54:../Libraries/XMCLib/src/xmc_gpio.c **** 
  55:../Libraries/XMCLib/src/xmc_gpio.c **** /*******************************************************************************
  56:../Libraries/XMCLib/src/xmc_gpio.c ****  * MACROS
  57:../Libraries/XMCLib/src/xmc_gpio.c ****  *******************************************************************************/
  58:../Libraries/XMCLib/src/xmc_gpio.c **** 
  59:../Libraries/XMCLib/src/xmc_gpio.c **** #define PORT_HWSEL_Msk PORT0_HWSEL_HW0_Msk
  60:../Libraries/XMCLib/src/xmc_gpio.c **** 
  61:../Libraries/XMCLib/src/xmc_gpio.c **** /*******************************************************************************
  62:../Libraries/XMCLib/src/xmc_gpio.c ****  * API IMPLEMENTATION
  63:../Libraries/XMCLib/src/xmc_gpio.c ****  *******************************************************************************/
  64:../Libraries/XMCLib/src/xmc_gpio.c **** 
  65:../Libraries/XMCLib/src/xmc_gpio.c **** void XMC_GPIO_SetMode(XMC_GPIO_PORT_t *const port, const uint8_t pin, const XMC_GPIO_MODE_t mode)
  66:../Libraries/XMCLib/src/xmc_gpio.c **** {
  28              	 .loc 1 66 0
  29              	 .cfi_startproc
  30              	 
  31              	 
  32              	 
  33 0000 80B4     	 push {r7}
  34              	.LCFI0:
  35              	 .cfi_def_cfa_offset 4
  36              	 .cfi_offset 7,-4
  37 0002 83B0     	 sub sp,sp,#12
  38              	.LCFI1:
  39              	 .cfi_def_cfa_offset 16
  40 0004 00AF     	 add r7,sp,#0
  41              	.LCFI2:
  42              	 .cfi_def_cfa_register 7
  43 0006 7860     	 str r0,[r7,#4]
  44 0008 0B46     	 mov r3,r1
  45 000a FB70     	 strb r3,[r7,#3]
  46 000c 1346     	 mov r3,r2
  47 000e BB70     	 strb r3,[r7,#2]
  67:../Libraries/XMCLib/src/xmc_gpio.c ****   XMC_ASSERT("XMC_GPIO_SetMode: Invalid port", XMC_GPIO_CHECK_PORT(port));
  68:../Libraries/XMCLib/src/xmc_gpio.c ****   XMC_ASSERT("XMC_GPIO_SetMode: Invalid mode", XMC_GPIO_IsModeValid(mode));
  69:../Libraries/XMCLib/src/xmc_gpio.c **** 
  70:../Libraries/XMCLib/src/xmc_gpio.c ****   port->IOCR[(uint32_t)pin >> 2U] &= ~(uint32_t)((uint32_t)PORT_IOCR_PC_Msk << ((uint32_t)PORT_IOCR
  48              	 .loc 1 70 0
  49 0010 FB78     	 ldrb r3,[r7,#3]
  50 0012 9B08     	 lsrs r3,r3,#2
  51 0014 DBB2     	 uxtb r3,r3
  52 0016 1846     	 mov r0,r3
  53 0018 FB78     	 ldrb r3,[r7,#3]
  54 001a 9B08     	 lsrs r3,r3,#2
  55 001c DBB2     	 uxtb r3,r3
  56 001e 1A46     	 mov r2,r3
  57 0020 7B68     	 ldr r3,[r7,#4]
  58 0022 0432     	 adds r2,r2,#4
  59 0024 53F82220 	 ldr r2,[r3,r2,lsl#2]
  60 0028 FB78     	 ldrb r3,[r7,#3]
  61 002a 03F00303 	 and r3,r3,#3
  62 002e DB00     	 lsls r3,r3,#3
  63 0030 1946     	 mov r1,r3
  64 0032 F823     	 movs r3,#248
  65 0034 8B40     	 lsls r3,r3,r1
  66 0036 DB43     	 mvns r3,r3
  67 0038 02EA0301 	 and r1,r2,r3
  68 003c 7B68     	 ldr r3,[r7,#4]
  69 003e 021D     	 adds r2,r0,#4
  70 0040 43F82210 	 str r1,[r3,r2,lsl#2]
  71:../Libraries/XMCLib/src/xmc_gpio.c ****   port->IOCR[(uint32_t)pin >> 2U] |= (uint32_t)mode << ((uint32_t)PORT_IOCR_PC_Size * ((uint32_t)pi
  71              	 .loc 1 71 0
  72 0044 FB78     	 ldrb r3,[r7,#3]
  73 0046 9B08     	 lsrs r3,r3,#2
  74 0048 DBB2     	 uxtb r3,r3
  75 004a 1846     	 mov r0,r3
  76 004c FB78     	 ldrb r3,[r7,#3]
  77 004e 9B08     	 lsrs r3,r3,#2
  78 0050 DBB2     	 uxtb r3,r3
  79 0052 1A46     	 mov r2,r3
  80 0054 7B68     	 ldr r3,[r7,#4]
  81 0056 0432     	 adds r2,r2,#4
  82 0058 53F82220 	 ldr r2,[r3,r2,lsl#2]
  83 005c BB78     	 ldrb r3,[r7,#2]
  84 005e F978     	 ldrb r1,[r7,#3]
  85 0060 01F00301 	 and r1,r1,#3
  86 0064 C900     	 lsls r1,r1,#3
  87 0066 8B40     	 lsls r3,r3,r1
  88 0068 42EA0301 	 orr r1,r2,r3
  89 006c 7B68     	 ldr r3,[r7,#4]
  90 006e 021D     	 adds r2,r0,#4
  91 0070 43F82210 	 str r1,[r3,r2,lsl#2]
  72:../Libraries/XMCLib/src/xmc_gpio.c **** }
  92              	 .loc 1 72 0
  93 0074 0C37     	 adds r7,r7,#12
  94              	.LCFI3:
  95              	 .cfi_def_cfa_offset 4
  96 0076 BD46     	 mov sp,r7
  97              	.LCFI4:
  98              	 .cfi_def_cfa_register 13
  99              	 
 100 0078 5DF8047B 	 ldr r7,[sp],#4
 101              	.LCFI5:
 102              	 .cfi_restore 7
 103              	 .cfi_def_cfa_offset 0
 104 007c 7047     	 bx lr
 105              	 .cfi_endproc
 106              	.LFE147:
 108 007e 00BF     	 .section .text.XMC_GPIO_SetHardwareControl,"ax",%progbits
 109              	 .align 2
 110              	 .global XMC_GPIO_SetHardwareControl
 111              	 .thumb
 112              	 .thumb_func
 114              	XMC_GPIO_SetHardwareControl:
 115              	.LFB148:
  73:../Libraries/XMCLib/src/xmc_gpio.c **** 
  74:../Libraries/XMCLib/src/xmc_gpio.c **** void XMC_GPIO_SetHardwareControl(XMC_GPIO_PORT_t *const port, const uint8_t pin, const XMC_GPIO_HWC
  75:../Libraries/XMCLib/src/xmc_gpio.c **** {
 116              	 .loc 1 75 0
 117              	 .cfi_startproc
 118              	 
 119              	 
 120              	 
 121 0000 80B4     	 push {r7}
 122              	.LCFI6:
 123              	 .cfi_def_cfa_offset 4
 124              	 .cfi_offset 7,-4
 125 0002 83B0     	 sub sp,sp,#12
 126              	.LCFI7:
 127              	 .cfi_def_cfa_offset 16
 128 0004 00AF     	 add r7,sp,#0
 129              	.LCFI8:
 130              	 .cfi_def_cfa_register 7
 131 0006 7860     	 str r0,[r7,#4]
 132 0008 0B46     	 mov r3,r1
 133 000a FB70     	 strb r3,[r7,#3]
 134 000c 1346     	 mov r3,r2
 135 000e BB70     	 strb r3,[r7,#2]
  76:../Libraries/XMCLib/src/xmc_gpio.c ****   XMC_ASSERT("XMC_GPIO_SetHardwareControl: Invalid port", XMC_GPIO_CHECK_PORT(port));
  77:../Libraries/XMCLib/src/xmc_gpio.c ****   XMC_ASSERT("XMC_GPIO_SetHardwareControl: Invalid hwctrl", XMC_GPIO_CHECK_HWCTRL(hwctrl));
  78:../Libraries/XMCLib/src/xmc_gpio.c **** 
  79:../Libraries/XMCLib/src/xmc_gpio.c ****   port->HWSEL &= ~(uint32_t)((uint32_t)PORT_HWSEL_Msk << ((uint32_t)pin << 1U));
 136              	 .loc 1 79 0
 137 0010 7B68     	 ldr r3,[r7,#4]
 138 0012 5A6F     	 ldr r2,[r3,#116]
 139 0014 FB78     	 ldrb r3,[r7,#3]
 140 0016 5B00     	 lsls r3,r3,#1
 141 0018 1946     	 mov r1,r3
 142 001a 0323     	 movs r3,#3
 143 001c 8B40     	 lsls r3,r3,r1
 144 001e DB43     	 mvns r3,r3
 145 0020 1A40     	 ands r2,r2,r3
 146 0022 7B68     	 ldr r3,[r7,#4]
 147 0024 5A67     	 str r2,[r3,#116]
  80:../Libraries/XMCLib/src/xmc_gpio.c ****   port->HWSEL |= (uint32_t)hwctrl << ((uint32_t)pin << 1U);
 148              	 .loc 1 80 0
 149 0026 7B68     	 ldr r3,[r7,#4]
 150 0028 5A6F     	 ldr r2,[r3,#116]
 151 002a BB78     	 ldrb r3,[r7,#2]
 152 002c F978     	 ldrb r1,[r7,#3]
 153 002e 4900     	 lsls r1,r1,#1
 154 0030 8B40     	 lsls r3,r3,r1
 155 0032 1A43     	 orrs r2,r2,r3
 156 0034 7B68     	 ldr r3,[r7,#4]
 157 0036 5A67     	 str r2,[r3,#116]
  81:../Libraries/XMCLib/src/xmc_gpio.c **** }
 158              	 .loc 1 81 0
 159 0038 0C37     	 adds r7,r7,#12
 160              	.LCFI9:
 161              	 .cfi_def_cfa_offset 4
 162 003a BD46     	 mov sp,r7
 163              	.LCFI10:
 164              	 .cfi_def_cfa_register 13
 165              	 
 166 003c 5DF8047B 	 ldr r7,[sp],#4
 167              	.LCFI11:
 168              	 .cfi_restore 7
 169              	 .cfi_def_cfa_offset 0
 170 0040 7047     	 bx lr
 171              	 .cfi_endproc
 172              	.LFE148:
 174 0042 00BF     	 .text
 175              	.Letext0:
 176              	 .file 2 "c:\\tools\\dave-ide-4.4.2-64bit\\eclipse\\arm-gcc-49\\arm-none-eabi\\include\\machine\\_default_types.h"
 177              	 .file 3 "c:\\tools\\dave-ide-4.4.2-64bit\\eclipse\\arm-gcc-49\\arm-none-eabi\\include\\stdint.h"
 178              	 .file 4 "C:/Users/Admin/DaveWorkspaces/XMC4300_PWMTest/Libraries/XMCLib/inc/xmc_gpio.h"
 179              	 .file 5 "C:/Users/Admin/DaveWorkspaces/XMC4300_PWMTest/Libraries/XMCLib/inc/xmc4_gpio.h"
 180              	 .file 6 "C:/Users/Admin/DaveWorkspaces/XMC4300_PWMTest/Libraries/CMSIS/Include/cmsis_gcc.h"
 181              	 .file 7 "C:/Users/Admin/DaveWorkspaces/XMC4300_PWMTest/Libraries/CMSIS/Include/core_cm4.h"
DEFINED SYMBOLS
                            *ABS*:00000000 xmc_gpio.c
    {standard input}:20     .text.XMC_GPIO_SetMode:00000000 $t
    {standard input}:25     .text.XMC_GPIO_SetMode:00000000 XMC_GPIO_SetMode
    {standard input}:109    .text.XMC_GPIO_SetHardwareControl:00000000 $t
    {standard input}:114    .text.XMC_GPIO_SetHardwareControl:00000000 XMC_GPIO_SetHardwareControl
                     .debug_frame:00000010 $d

NO UNDEFINED SYMBOLS
