   1              	 .syntax unified
   2              	 .cpu cortex-m4
   3              	 .eabi_attribute 27,3
   4              	 .fpu fpv4-sp-d16
   5              	 .eabi_attribute 20,1
   6              	 .eabi_attribute 21,1
   7              	 .eabi_attribute 23,3
   8              	 .eabi_attribute 24,1
   9              	 .eabi_attribute 25,1
  10              	 .eabi_attribute 26,1
  11              	 .eabi_attribute 30,6
  12              	 .eabi_attribute 34,1
  13              	 .eabi_attribute 18,4
  14              	 .thumb
  15              	 .file "xmc_sdmmc.c"
  16              	 .text
  17              	.Ltext0:
  18              	 .cfi_sections .debug_frame
  19              	 .section .text.XMC_SDMMC_GetPowerStatus,"ax",%progbits
  20              	 .align 2
  21              	 .global XMC_SDMMC_GetPowerStatus
  22              	 .thumb
  23              	 .thumb_func
  25              	XMC_SDMMC_GetPowerStatus:
  26              	.LFB221:
  27              	 .file 1 "../Libraries/XMCLib/src/xmc_sdmmc.c"
   1:../Libraries/XMCLib/src/xmc_sdmmc.c **** 
   2:../Libraries/XMCLib/src/xmc_sdmmc.c **** /**
   3:../Libraries/XMCLib/src/xmc_sdmmc.c ****  * @file xmc_sdmmc.c
   4:../Libraries/XMCLib/src/xmc_sdmmc.c ****  * @date 2019-05-07
   5:../Libraries/XMCLib/src/xmc_sdmmc.c ****  *
   6:../Libraries/XMCLib/src/xmc_sdmmc.c ****  * @cond
   7:../Libraries/XMCLib/src/xmc_sdmmc.c ****  **************************************************************************************************
   8:../Libraries/XMCLib/src/xmc_sdmmc.c ****  * XMClib v2.1.24 - XMC Peripheral Driver Library 
   9:../Libraries/XMCLib/src/xmc_sdmmc.c ****  *
  10:../Libraries/XMCLib/src/xmc_sdmmc.c ****  * Copyright (c) 2015-2019, Infineon Technologies AG
  11:../Libraries/XMCLib/src/xmc_sdmmc.c ****  * All rights reserved.                        
  12:../Libraries/XMCLib/src/xmc_sdmmc.c ****  *                                             
  13:../Libraries/XMCLib/src/xmc_sdmmc.c ****  * Redistribution and use in source and binary forms, with or without modification,are permitted pr
  14:../Libraries/XMCLib/src/xmc_sdmmc.c ****  * following conditions are met:   
  15:../Libraries/XMCLib/src/xmc_sdmmc.c ****  *                                                                              
  16:../Libraries/XMCLib/src/xmc_sdmmc.c ****  * Redistributions of source code must retain the above copyright notice, this list of conditions a
  17:../Libraries/XMCLib/src/xmc_sdmmc.c ****  * disclaimer.                        
  18:../Libraries/XMCLib/src/xmc_sdmmc.c ****  * 
  19:../Libraries/XMCLib/src/xmc_sdmmc.c ****  * Redistributions in binary form must reproduce the above copyright notice, this list of condition
  20:../Libraries/XMCLib/src/xmc_sdmmc.c ****  * disclaimer in the documentation and/or other materials provided with the distribution.          
  21:../Libraries/XMCLib/src/xmc_sdmmc.c ****  * 
  22:../Libraries/XMCLib/src/xmc_sdmmc.c ****  * Neither the name of the copyright holders nor the names of its contributors may be used to endor
  23:../Libraries/XMCLib/src/xmc_sdmmc.c ****  * products derived from this software without specific prior written permission.                  
  24:../Libraries/XMCLib/src/xmc_sdmmc.c ****  *                                                                              
  25:../Libraries/XMCLib/src/xmc_sdmmc.c ****  * THIS SOFTWARE IS PROVIDED BY THE COPYRIGHT HOLDERS AND CONTRIBUTORS "AS IS" AND ANY EXPRESS OR I
  26:../Libraries/XMCLib/src/xmc_sdmmc.c ****  * INCLUDING, BUT NOT LIMITED TO, THE IMPLIED WARRANTIES OF MERCHANTABILITY AND FITNESS FOR A PARTI
  27:../Libraries/XMCLib/src/xmc_sdmmc.c ****  * DISCLAIMED. IN NO EVENT SHALL THE COPYRIGHT HOLDER OR CONTRIBUTORS BE LIABLE  FOR ANY DIRECT, IN
  28:../Libraries/XMCLib/src/xmc_sdmmc.c ****  * SPECIAL, EXEMPLARY, OR CONSEQUENTIAL DAMAGES (INCLUDING, BUT NOT LIMITED TO, PROCUREMENT OF SUBS
  29:../Libraries/XMCLib/src/xmc_sdmmc.c ****  * SERVICES; LOSS OF USE, DATA, OR PROFITS; OR BUSINESS INTERRUPTION) HOWEVER CAUSED AND ON ANY THE
  30:../Libraries/XMCLib/src/xmc_sdmmc.c ****  * WHETHER IN CONTRACT, STRICT LIABILITY,OR TORT (INCLUDING NEGLIGENCE OR OTHERWISE) ARISING IN ANY
  31:../Libraries/XMCLib/src/xmc_sdmmc.c ****  * OF THIS SOFTWARE, EVEN IF ADVISED OF THE POSSIBILITY OF SUCH DAMAGE.                            
  32:../Libraries/XMCLib/src/xmc_sdmmc.c ****  *                                                                              
  33:../Libraries/XMCLib/src/xmc_sdmmc.c ****  * To improve the quality of the software, users are encouraged to share modifications, enhancement
  34:../Libraries/XMCLib/src/xmc_sdmmc.c ****  * Infineon Technologies AG dave@infineon.com).                                                    
  35:../Libraries/XMCLib/src/xmc_sdmmc.c ****  **************************************************************************************************
  36:../Libraries/XMCLib/src/xmc_sdmmc.c ****  *
  37:../Libraries/XMCLib/src/xmc_sdmmc.c ****  * Change History
  38:../Libraries/XMCLib/src/xmc_sdmmc.c ****  * --------------
  39:../Libraries/XMCLib/src/xmc_sdmmc.c ****  *
  40:../Libraries/XMCLib/src/xmc_sdmmc.c ****  * 2015-02-20:
  41:../Libraries/XMCLib/src/xmc_sdmmc.c ****  *     - Initial <br>
  42:../Libraries/XMCLib/src/xmc_sdmmc.c ****  *     - Removed GetDriverVersion API <br>
  43:../Libraries/XMCLib/src/xmc_sdmmc.c ****  *
  44:../Libraries/XMCLib/src/xmc_sdmmc.c ****  * 2015-06-20:
  45:../Libraries/XMCLib/src/xmc_sdmmc.c ****  *     - Removed definition of GetDriverVersion API <br>
  46:../Libraries/XMCLib/src/xmc_sdmmc.c ****  *
  47:../Libraries/XMCLib/src/xmc_sdmmc.c ****  * 2016-03-14:
  48:../Libraries/XMCLib/src/xmc_sdmmc.c ****  *     - Values are directly assigned to the int status registers <br>
  49:../Libraries/XMCLib/src/xmc_sdmmc.c ****  *
  50:../Libraries/XMCLib/src/xmc_sdmmc.c ****  * 2016-07-11:
  51:../Libraries/XMCLib/src/xmc_sdmmc.c ****  *     - XMC_SDMMC_SetDataTransferMode() shall not invoke SetDateLineTimeout() <br>
  52:../Libraries/XMCLib/src/xmc_sdmmc.c ****  *
  53:../Libraries/XMCLib/src/xmc_sdmmc.c ****  * 2019-05-07:
  54:../Libraries/XMCLib/src/xmc_sdmmc.c ****  *     - Fixed compilation warnings
  55:../Libraries/XMCLib/src/xmc_sdmmc.c ****  *
  56:../Libraries/XMCLib/src/xmc_sdmmc.c ****  * @endcond
  57:../Libraries/XMCLib/src/xmc_sdmmc.c ****  */
  58:../Libraries/XMCLib/src/xmc_sdmmc.c ****  
  59:../Libraries/XMCLib/src/xmc_sdmmc.c **** /**
  60:../Libraries/XMCLib/src/xmc_sdmmc.c ****  * @addtogroup XMClib
  61:../Libraries/XMCLib/src/xmc_sdmmc.c ****  * @{
  62:../Libraries/XMCLib/src/xmc_sdmmc.c ****  */
  63:../Libraries/XMCLib/src/xmc_sdmmc.c **** 
  64:../Libraries/XMCLib/src/xmc_sdmmc.c **** /**
  65:../Libraries/XMCLib/src/xmc_sdmmc.c ****  * @addtogroup SDMMC
  66:../Libraries/XMCLib/src/xmc_sdmmc.c ****  * @brief SDMMC driver
  67:../Libraries/XMCLib/src/xmc_sdmmc.c ****  * @{
  68:../Libraries/XMCLib/src/xmc_sdmmc.c ****  */
  69:../Libraries/XMCLib/src/xmc_sdmmc.c ****  
  70:../Libraries/XMCLib/src/xmc_sdmmc.c **** /*******************************************************************************
  71:../Libraries/XMCLib/src/xmc_sdmmc.c ****  * HEADER FILES
  72:../Libraries/XMCLib/src/xmc_sdmmc.c ****  *******************************************************************************/
  73:../Libraries/XMCLib/src/xmc_sdmmc.c ****  
  74:../Libraries/XMCLib/src/xmc_sdmmc.c **** #include "xmc_sdmmc.h"
  75:../Libraries/XMCLib/src/xmc_sdmmc.c **** 
  76:../Libraries/XMCLib/src/xmc_sdmmc.c **** /*
  77:../Libraries/XMCLib/src/xmc_sdmmc.c ****  * The SDMMC peripheral is only available on the
  78:../Libraries/XMCLib/src/xmc_sdmmc.c ****  * XMC4500. The SDMMC definition can be found in
  79:../Libraries/XMCLib/src/xmc_sdmmc.c ****  * the XMC4500.h (device header file).
  80:../Libraries/XMCLib/src/xmc_sdmmc.c ****  */
  81:../Libraries/XMCLib/src/xmc_sdmmc.c **** #if defined (SDMMC)
  82:../Libraries/XMCLib/src/xmc_sdmmc.c **** #include "xmc_scu.h"
  83:../Libraries/XMCLib/src/xmc_sdmmc.c **** 
  84:../Libraries/XMCLib/src/xmc_sdmmc.c **** /*******************************************************************************
  85:../Libraries/XMCLib/src/xmc_sdmmc.c ****  * MACROS
  86:../Libraries/XMCLib/src/xmc_sdmmc.c ****  *******************************************************************************/
  87:../Libraries/XMCLib/src/xmc_sdmmc.c **** 
  88:../Libraries/XMCLib/src/xmc_sdmmc.c **** /*
  89:../Libraries/XMCLib/src/xmc_sdmmc.c ****  * Check for valid SDMMC error events <br>
  90:../Libraries/XMCLib/src/xmc_sdmmc.c ****  *
  91:../Libraries/XMCLib/src/xmc_sdmmc.c ****  * This macro is used in the LLD for assertion checks (XMC_ASSERT).
  92:../Libraries/XMCLib/src/xmc_sdmmc.c ****  */
  93:../Libraries/XMCLib/src/xmc_sdmmc.c **** #define XMC_SDMMC_CHECK_ERROR_EVENT(e)\
  94:../Libraries/XMCLib/src/xmc_sdmmc.c ****   ((e == XMC_SDMMC_CMD_TIMEOUT_ERR)     ||\
  95:../Libraries/XMCLib/src/xmc_sdmmc.c ****    (e == XMC_SDMMC_CMD_CRC_ERR)         ||\
  96:../Libraries/XMCLib/src/xmc_sdmmc.c ****    (e == XMC_SDMMC_CMD_END_BIT_ERR)     ||\
  97:../Libraries/XMCLib/src/xmc_sdmmc.c ****    (e == XMC_SDMMC_CMD_IND_ERR)         ||\
  98:../Libraries/XMCLib/src/xmc_sdmmc.c ****    (e == XMC_SDMMC_DATA_TIMEOUT_ERR)    ||\
  99:../Libraries/XMCLib/src/xmc_sdmmc.c ****    (e == XMC_SDMMC_DATA_CRC_ERR)        ||\
 100:../Libraries/XMCLib/src/xmc_sdmmc.c ****    (e == XMC_SDMMC_DATA_END_BIT_ERR)    ||\
 101:../Libraries/XMCLib/src/xmc_sdmmc.c ****    (e == XMC_SDMMC_CURRENT_LIMIT_ERR)   ||\
 102:../Libraries/XMCLib/src/xmc_sdmmc.c ****    (e == XMC_SDMMC_ACMD_ERR)            ||\
 103:../Libraries/XMCLib/src/xmc_sdmmc.c ****    (e == XMC_SDMMC_TARGET_RESP_ERR))
 104:../Libraries/XMCLib/src/xmc_sdmmc.c **** 
 105:../Libraries/XMCLib/src/xmc_sdmmc.c **** /*
 106:../Libraries/XMCLib/src/xmc_sdmmc.c ****  * Check for valid SDMMC normal events <br>
 107:../Libraries/XMCLib/src/xmc_sdmmc.c ****  *
 108:../Libraries/XMCLib/src/xmc_sdmmc.c ****  * This macro is used in the LLD for assertion checks (XMC_ASSERT).
 109:../Libraries/XMCLib/src/xmc_sdmmc.c ****  */
 110:../Libraries/XMCLib/src/xmc_sdmmc.c **** #define XMC_SDMMC_CHECK_NORMAL_EVENT(e)\
 111:../Libraries/XMCLib/src/xmc_sdmmc.c ****   ((e == XMC_SDMMC_CMD_COMPLETE)        ||\
 112:../Libraries/XMCLib/src/xmc_sdmmc.c ****    (e == XMC_SDMMC_TX_COMPLETE)         ||\
 113:../Libraries/XMCLib/src/xmc_sdmmc.c ****    (e == XMC_SDMMC_BLOCK_GAP_EVENT)     ||\
 114:../Libraries/XMCLib/src/xmc_sdmmc.c ****    (e == XMC_SDMMC_BUFFER_WRITE_READY)  ||\
 115:../Libraries/XMCLib/src/xmc_sdmmc.c ****    (e == XMC_SDMMC_BUFFER_READ_READY)   ||\
 116:../Libraries/XMCLib/src/xmc_sdmmc.c ****    (e == XMC_SDMMC_CARD_INS)            ||\
 117:../Libraries/XMCLib/src/xmc_sdmmc.c ****    (e == XMC_SDMMC_CARD_REMOVAL)        ||\
 118:../Libraries/XMCLib/src/xmc_sdmmc.c ****    (e == XMC_SDMMC_CARD_INT))
 119:../Libraries/XMCLib/src/xmc_sdmmc.c **** 
 120:../Libraries/XMCLib/src/xmc_sdmmc.c **** /*
 121:../Libraries/XMCLib/src/xmc_sdmmc.c ****  * Check for both normal and error events <br>
 122:../Libraries/XMCLib/src/xmc_sdmmc.c ****  *
 123:../Libraries/XMCLib/src/xmc_sdmmc.c ****  * This macro is used in the LLD for assertion checks (XMC_ASSERT).
 124:../Libraries/XMCLib/src/xmc_sdmmc.c ****  */
 125:../Libraries/XMCLib/src/xmc_sdmmc.c **** #define XMC_SDMMC_CHECK_EVENT(e)\
 126:../Libraries/XMCLib/src/xmc_sdmmc.c ****   ((XMC_SDMMC_CHECK_NORMAL_EVENT(e))    ||\
 127:../Libraries/XMCLib/src/xmc_sdmmc.c ****    (XMC_SDMMC_CHECK_ERROR_EVENT(e)))
 128:../Libraries/XMCLib/src/xmc_sdmmc.c **** 
 129:../Libraries/XMCLib/src/xmc_sdmmc.c **** /*
 130:../Libraries/XMCLib/src/xmc_sdmmc.c ****  * Check for valid SDMMC wakeup events <br>
 131:../Libraries/XMCLib/src/xmc_sdmmc.c ****  *
 132:../Libraries/XMCLib/src/xmc_sdmmc.c ****  * This macro is used in the LLD for assertion checks (XMC_ASSERT).
 133:../Libraries/XMCLib/src/xmc_sdmmc.c ****  */
 134:../Libraries/XMCLib/src/xmc_sdmmc.c **** #define XMC_SDMMC_CHECK_WAKEUP_EVENT(w)\
 135:../Libraries/XMCLib/src/xmc_sdmmc.c ****   ((w == XMC_SDMMC_WAKEUP_EN_CARD_INT)  ||\
 136:../Libraries/XMCLib/src/xmc_sdmmc.c ****    (w == XMC_SDMMC_WAKEUP_EN_CARD_INS)  ||\
 137:../Libraries/XMCLib/src/xmc_sdmmc.c ****    (w == XMC_SDMMC_WAKEUP_EN_CARD_REM))
 138:../Libraries/XMCLib/src/xmc_sdmmc.c **** 
 139:../Libraries/XMCLib/src/xmc_sdmmc.c **** /*
 140:../Libraries/XMCLib/src/xmc_sdmmc.c ****  * Check for valid SDMMC software reset modes <br>
 141:../Libraries/XMCLib/src/xmc_sdmmc.c ****  *
 142:../Libraries/XMCLib/src/xmc_sdmmc.c ****  * This macro is used in the LLD for assertion checks (XMC_ASSERT).
 143:../Libraries/XMCLib/src/xmc_sdmmc.c ****  */
 144:../Libraries/XMCLib/src/xmc_sdmmc.c **** #define XMC_SDMMC_CHECK_SW_RESET_MODE(m)\
 145:../Libraries/XMCLib/src/xmc_sdmmc.c ****   ((m == XMC_SDMMC_SW_RESET_ALL)        ||\
 146:../Libraries/XMCLib/src/xmc_sdmmc.c ****    (m == XMC_SDMMC_SW_RST_CMD_LINE)     ||\
 147:../Libraries/XMCLib/src/xmc_sdmmc.c ****    (m == XMC_SDMMC_SW_RST_DAT_LINE))
 148:../Libraries/XMCLib/src/xmc_sdmmc.c **** 
 149:../Libraries/XMCLib/src/xmc_sdmmc.c **** /*
 150:../Libraries/XMCLib/src/xmc_sdmmc.c ****  * Check for valid SDMMC transfer modes <br>
 151:../Libraries/XMCLib/src/xmc_sdmmc.c ****  *
 152:../Libraries/XMCLib/src/xmc_sdmmc.c ****  * This macro is used in the LLD for assertion checks (XMC_ASSERT).
 153:../Libraries/XMCLib/src/xmc_sdmmc.c ****  */
 154:../Libraries/XMCLib/src/xmc_sdmmc.c **** #define XMC_SDMMC_CHECK_TRANSFER_MODE(m)\
 155:../Libraries/XMCLib/src/xmc_sdmmc.c ****   ((m == XMC_SDMMC_TRANSFER_MODE_TYPE_SINGLE)    ||\
 156:../Libraries/XMCLib/src/xmc_sdmmc.c ****    (m == XMC_SDMMC_TRANSFER_MODE_TYPE_INFINITE)  ||\
 157:../Libraries/XMCLib/src/xmc_sdmmc.c ****    (m == XMC_SDMMC_TRANSFER_MODE_TYPE_MULTIPLE)  ||\
 158:../Libraries/XMCLib/src/xmc_sdmmc.c ****    (m == XMC_SDMMC_TRANSFER_MODE_TYPE_STOP_MULTIPLE))
 159:../Libraries/XMCLib/src/xmc_sdmmc.c **** 
 160:../Libraries/XMCLib/src/xmc_sdmmc.c **** 
 161:../Libraries/XMCLib/src/xmc_sdmmc.c **** /*******************************************************************************
 162:../Libraries/XMCLib/src/xmc_sdmmc.c ****  * API IMPLEMENTATION
 163:../Libraries/XMCLib/src/xmc_sdmmc.c ****  *******************************************************************************/
 164:../Libraries/XMCLib/src/xmc_sdmmc.c ****  
 165:../Libraries/XMCLib/src/xmc_sdmmc.c **** /* Get power status of the SDMMC peripheral */
 166:../Libraries/XMCLib/src/xmc_sdmmc.c **** bool XMC_SDMMC_GetPowerStatus(XMC_SDMMC_t *const sdmmc)
 167:../Libraries/XMCLib/src/xmc_sdmmc.c **** {
  28              	 .loc 1 167 0
  29              	 .cfi_startproc
  30              	 
  31              	 
  32              	 
  33 0000 80B4     	 push {r7}
  34              	.LCFI0:
  35              	 .cfi_def_cfa_offset 4
  36              	 .cfi_offset 7,-4
  37 0002 83B0     	 sub sp,sp,#12
  38              	.LCFI1:
  39              	 .cfi_def_cfa_offset 16
  40 0004 00AF     	 add r7,sp,#0
  41              	.LCFI2:
  42              	 .cfi_def_cfa_register 7
  43 0006 7860     	 str r0,[r7,#4]
 168:../Libraries/XMCLib/src/xmc_sdmmc.c ****   XMC_ASSERT("XMC_SDMMC_GetPowerStatus: Invalid module pointer", XMC_SDMMC_CHECK_MODULE_PTR(sdmmc))
 169:../Libraries/XMCLib/src/xmc_sdmmc.c **** 
 170:../Libraries/XMCLib/src/xmc_sdmmc.c ****   return (bool)(sdmmc->POWER_CTRL & SDMMC_POWER_CTRL_SD_BUS_POWER_Msk);
  44              	 .loc 1 170 0
  45 0008 7B68     	 ldr r3,[r7,#4]
  46 000a 93F82930 	 ldrb r3,[r3,#41]
  47 000e DBB2     	 uxtb r3,r3
  48 0010 03F00103 	 and r3,r3,#1
  49 0014 002B     	 cmp r3,#0
  50 0016 14BF     	 ite ne
  51 0018 0123     	 movne r3,#1
  52 001a 0023     	 moveq r3,#0
  53 001c DBB2     	 uxtb r3,r3
 171:../Libraries/XMCLib/src/xmc_sdmmc.c **** }
  54              	 .loc 1 171 0
  55 001e 1846     	 mov r0,r3
  56 0020 0C37     	 adds r7,r7,#12
  57              	.LCFI3:
  58              	 .cfi_def_cfa_offset 4
  59 0022 BD46     	 mov sp,r7
  60              	.LCFI4:
  61              	 .cfi_def_cfa_register 13
  62              	 
  63 0024 5DF8047B 	 ldr r7,[sp],#4
  64              	.LCFI5:
  65              	 .cfi_restore 7
  66              	 .cfi_def_cfa_offset 0
  67 0028 7047     	 bx lr
  68              	 .cfi_endproc
  69              	.LFE221:
  71 002a 00BF     	 .section .text.XMC_SDMMC_Enable,"ax",%progbits
  72              	 .align 2
  73              	 .global XMC_SDMMC_Enable
  74              	 .thumb
  75              	 .thumb_func
  77              	XMC_SDMMC_Enable:
  78              	.LFB222:
 172:../Libraries/XMCLib/src/xmc_sdmmc.c **** 
 173:../Libraries/XMCLib/src/xmc_sdmmc.c **** /*
 174:../Libraries/XMCLib/src/xmc_sdmmc.c ****  * De-assert the peripheral reset. The SDMMC peripheral
 175:../Libraries/XMCLib/src/xmc_sdmmc.c ****  * needs to be initialized
 176:../Libraries/XMCLib/src/xmc_sdmmc.c ****  */
 177:../Libraries/XMCLib/src/xmc_sdmmc.c **** void XMC_SDMMC_Enable(XMC_SDMMC_t *const sdmmc)
 178:../Libraries/XMCLib/src/xmc_sdmmc.c **** {
  79              	 .loc 1 178 0
  80              	 .cfi_startproc
  81              	 
  82              	 
  83 0000 80B5     	 push {r7,lr}
  84              	.LCFI6:
  85              	 .cfi_def_cfa_offset 8
  86              	 .cfi_offset 7,-8
  87              	 .cfi_offset 14,-4
  88 0002 82B0     	 sub sp,sp,#8
  89              	.LCFI7:
  90              	 .cfi_def_cfa_offset 16
  91 0004 00AF     	 add r7,sp,#0
  92              	.LCFI8:
  93              	 .cfi_def_cfa_register 7
  94 0006 7860     	 str r0,[r7,#4]
 179:../Libraries/XMCLib/src/xmc_sdmmc.c ****   XMC_ASSERT("XMC_SDMMC_Enable: Invalid module pointer", XMC_SDMMC_CHECK_MODULE_PTR(sdmmc));
 180:../Libraries/XMCLib/src/xmc_sdmmc.c ****   XMC_UNUSED_ARG(sdmmc);
 181:../Libraries/XMCLib/src/xmc_sdmmc.c **** 
 182:../Libraries/XMCLib/src/xmc_sdmmc.c **** #if defined(CLOCK_GATING_SUPPORTED)
 183:../Libraries/XMCLib/src/xmc_sdmmc.c ****   XMC_SCU_CLOCK_UngatePeripheralClock(XMC_SCU_PERIPHERAL_CLOCK_SDMMC);
  95              	 .loc 1 183 0
  96 0008 0448     	 ldr r0,.L4
  97 000a FFF7FEFF 	 bl XMC_SCU_CLOCK_UngatePeripheralClock
 184:../Libraries/XMCLib/src/xmc_sdmmc.c **** #endif
 185:../Libraries/XMCLib/src/xmc_sdmmc.c **** #if defined(PERIPHERAL_RESET_SUPPORTED)
 186:../Libraries/XMCLib/src/xmc_sdmmc.c ****   XMC_SCU_RESET_DeassertPeripheralReset(XMC_SCU_PERIPHERAL_RESET_SDMMC);
  98              	 .loc 1 186 0
  99 000e 0348     	 ldr r0,.L4
 100 0010 FFF7FEFF 	 bl XMC_SCU_RESET_DeassertPeripheralReset
 187:../Libraries/XMCLib/src/xmc_sdmmc.c **** #endif  
 188:../Libraries/XMCLib/src/xmc_sdmmc.c **** }
 101              	 .loc 1 188 0
 102 0014 0837     	 adds r7,r7,#8
 103              	.LCFI9:
 104              	 .cfi_def_cfa_offset 8
 105 0016 BD46     	 mov sp,r7
 106              	.LCFI10:
 107              	 .cfi_def_cfa_register 13
 108              	 
 109 0018 80BD     	 pop {r7,pc}
 110              	.L5:
 111 001a 00BF     	 .align 2
 112              	.L4:
 113 001c 40000010 	 .word 268435520
 114              	 .cfi_endproc
 115              	.LFE222:
 117              	 .section .text.XMC_SDMMC_Disable,"ax",%progbits
 118              	 .align 2
 119              	 .global XMC_SDMMC_Disable
 120              	 .thumb
 121              	 .thumb_func
 123              	XMC_SDMMC_Disable:
 124              	.LFB223:
 189:../Libraries/XMCLib/src/xmc_sdmmc.c **** 
 190:../Libraries/XMCLib/src/xmc_sdmmc.c **** /* Assert the peripheral reset */
 191:../Libraries/XMCLib/src/xmc_sdmmc.c **** void XMC_SDMMC_Disable(XMC_SDMMC_t *const sdmmc)
 192:../Libraries/XMCLib/src/xmc_sdmmc.c **** {
 125              	 .loc 1 192 0
 126              	 .cfi_startproc
 127              	 
 128              	 
 129 0000 80B5     	 push {r7,lr}
 130              	.LCFI11:
 131              	 .cfi_def_cfa_offset 8
 132              	 .cfi_offset 7,-8
 133              	 .cfi_offset 14,-4
 134 0002 82B0     	 sub sp,sp,#8
 135              	.LCFI12:
 136              	 .cfi_def_cfa_offset 16
 137 0004 00AF     	 add r7,sp,#0
 138              	.LCFI13:
 139              	 .cfi_def_cfa_register 7
 140 0006 7860     	 str r0,[r7,#4]
 193:../Libraries/XMCLib/src/xmc_sdmmc.c ****   XMC_ASSERT("XMC_SDMMC_Disable: Invalid module pointer", XMC_SDMMC_CHECK_MODULE_PTR(sdmmc));
 194:../Libraries/XMCLib/src/xmc_sdmmc.c ****   XMC_UNUSED_ARG(sdmmc);
 195:../Libraries/XMCLib/src/xmc_sdmmc.c **** 
 196:../Libraries/XMCLib/src/xmc_sdmmc.c **** #if defined(PERIPHERAL_RESET_SUPPORTED)
 197:../Libraries/XMCLib/src/xmc_sdmmc.c ****   XMC_SCU_RESET_AssertPeripheralReset(XMC_SCU_PERIPHERAL_RESET_SDMMC);
 141              	 .loc 1 197 0
 142 0008 0448     	 ldr r0,.L7
 143 000a FFF7FEFF 	 bl XMC_SCU_RESET_AssertPeripheralReset
 198:../Libraries/XMCLib/src/xmc_sdmmc.c **** #endif  
 199:../Libraries/XMCLib/src/xmc_sdmmc.c **** #if defined(CLOCK_GATING_SUPPORTED)
 200:../Libraries/XMCLib/src/xmc_sdmmc.c ****   XMC_SCU_CLOCK_GatePeripheralClock(XMC_SCU_PERIPHERAL_CLOCK_SDMMC);
 144              	 .loc 1 200 0
 145 000e 0348     	 ldr r0,.L7
 146 0010 FFF7FEFF 	 bl XMC_SCU_CLOCK_GatePeripheralClock
 201:../Libraries/XMCLib/src/xmc_sdmmc.c **** #endif
 202:../Libraries/XMCLib/src/xmc_sdmmc.c **** }
 147              	 .loc 1 202 0
 148 0014 0837     	 adds r7,r7,#8
 149              	.LCFI14:
 150              	 .cfi_def_cfa_offset 8
 151 0016 BD46     	 mov sp,r7
 152              	.LCFI15:
 153              	 .cfi_def_cfa_register 13
 154              	 
 155 0018 80BD     	 pop {r7,pc}
 156              	.L8:
 157 001a 00BF     	 .align 2
 158              	.L7:
 159 001c 40000010 	 .word 268435520
 160              	 .cfi_endproc
 161              	.LFE223:
 163              	 .section .text.XMC_SDMMC_Init,"ax",%progbits
 164              	 .align 2
 165              	 .global XMC_SDMMC_Init
 166              	 .thumb
 167              	 .thumb_func
 169              	XMC_SDMMC_Init:
 170              	.LFB224:
 203:../Libraries/XMCLib/src/xmc_sdmmc.c **** 
 204:../Libraries/XMCLib/src/xmc_sdmmc.c **** /* Initialize SDMMC peripheral */
 205:../Libraries/XMCLib/src/xmc_sdmmc.c **** XMC_SDMMC_STATUS_t XMC_SDMMC_Init(XMC_SDMMC_t *const sdmmc, const XMC_SDMMC_CONFIG_t *config)
 206:../Libraries/XMCLib/src/xmc_sdmmc.c **** {
 171              	 .loc 1 206 0
 172              	 .cfi_startproc
 173              	 
 174              	 
 175 0000 80B5     	 push {r7,lr}
 176              	.LCFI16:
 177              	 .cfi_def_cfa_offset 8
 178              	 .cfi_offset 7,-8
 179              	 .cfi_offset 14,-4
 180 0002 82B0     	 sub sp,sp,#8
 181              	.LCFI17:
 182              	 .cfi_def_cfa_offset 16
 183 0004 00AF     	 add r7,sp,#0
 184              	.LCFI18:
 185              	 .cfi_def_cfa_register 7
 186 0006 7860     	 str r0,[r7,#4]
 187 0008 3960     	 str r1,[r7]
 207:../Libraries/XMCLib/src/xmc_sdmmc.c ****   XMC_ASSERT("XMC_SDMMC_Init: Invalid module pointer", XMC_SDMMC_CHECK_MODULE_PTR(sdmmc));
 208:../Libraries/XMCLib/src/xmc_sdmmc.c ****   XMC_ASSERT("XMC_SDMMC_Init: Invalid clock divider value", XMC_SDMMC_CHECK_SDCLK_FREQ(config->cloc
 209:../Libraries/XMCLib/src/xmc_sdmmc.c ****   XMC_ASSERT("XMC_SDMMC_Init: Invalid bus width", XMC_SDMMC_CHECK_DATA_LINES(config->bus_width));
 210:../Libraries/XMCLib/src/xmc_sdmmc.c ****   
 211:../Libraries/XMCLib/src/xmc_sdmmc.c ****   /* Enable SDMMC peripheral */
 212:../Libraries/XMCLib/src/xmc_sdmmc.c ****   XMC_SDMMC_Enable(sdmmc);
 188              	 .loc 1 212 0
 189 000a 7868     	 ldr r0,[r7,#4]
 190 000c FFF7FEFF 	 bl XMC_SDMMC_Enable
 213:../Libraries/XMCLib/src/xmc_sdmmc.c ****   
 214:../Libraries/XMCLib/src/xmc_sdmmc.c ****   /* Write internal clock divider register */
 215:../Libraries/XMCLib/src/xmc_sdmmc.c ****   sdmmc->CLOCK_CTRL |= (uint16_t)((uint32_t)config->clock_divider << SDMMC_CLOCK_CTRL_SDCLK_FREQ_SE
 191              	 .loc 1 215 0
 192 0010 7B68     	 ldr r3,[r7,#4]
 193 0012 9B8D     	 ldrh r3,[r3,#44]
 194 0014 9AB2     	 uxth r2,r3
 195 0016 3B68     	 ldr r3,[r7]
 196 0018 5B78     	 ldrb r3,[r3,#1]
 197 001a 9BB2     	 uxth r3,r3
 198 001c 1B02     	 lsls r3,r3,#8
 199 001e 9BB2     	 uxth r3,r3
 200 0020 1343     	 orrs r3,r3,r2
 201 0022 9AB2     	 uxth r2,r3
 202 0024 7B68     	 ldr r3,[r7,#4]
 203 0026 9A85     	 strh r2,[r3,#44]
 216:../Libraries/XMCLib/src/xmc_sdmmc.c ****   
 217:../Libraries/XMCLib/src/xmc_sdmmc.c ****   /* Set bus width */
 218:../Libraries/XMCLib/src/xmc_sdmmc.c ****   sdmmc->HOST_CTRL = (uint8_t)((sdmmc->HOST_CTRL & (uint8_t)~SDMMC_HOST_CTRL_DATA_TX_WIDTH_Msk) |
 204              	 .loc 1 218 0
 205 0028 7B68     	 ldr r3,[r7,#4]
 206 002a 93F82830 	 ldrb r3,[r3,#40]
 207 002e DBB2     	 uxtb r3,r3
 208 0030 DBB2     	 uxtb r3,r3
 209 0032 23F00203 	 bic r3,r3,#2
 210 0036 DAB2     	 uxtb r2,r3
 219:../Libraries/XMCLib/src/xmc_sdmmc.c ****                                ((uint8_t)config->bus_width << SDMMC_HOST_CTRL_DATA_TX_WIDTH_Pos));
 211              	 .loc 1 219 0
 212 0038 3B68     	 ldr r3,[r7]
 213 003a 1B78     	 ldrb r3,[r3]
 214 003c 5B00     	 lsls r3,r3,#1
 218:../Libraries/XMCLib/src/xmc_sdmmc.c ****                                ((uint8_t)config->bus_width << SDMMC_HOST_CTRL_DATA_TX_WIDTH_Pos));
 215              	 .loc 1 218 0
 216 003e DBB2     	 uxtb r3,r3
 217 0040 1343     	 orrs r3,r3,r2
 218 0042 DBB2     	 uxtb r3,r3
 219 0044 DAB2     	 uxtb r2,r3
 220 0046 7B68     	 ldr r3,[r7,#4]
 221 0048 83F82820 	 strb r2,[r3,#40]
 220:../Libraries/XMCLib/src/xmc_sdmmc.c **** 
 221:../Libraries/XMCLib/src/xmc_sdmmc.c ****   return XMC_SDMMC_STATUS_SUCCESS;
 222              	 .loc 1 221 0
 223 004c 0023     	 movs r3,#0
 222:../Libraries/XMCLib/src/xmc_sdmmc.c **** }
 224              	 .loc 1 222 0
 225 004e 1846     	 mov r0,r3
 226 0050 0837     	 adds r7,r7,#8
 227              	.LCFI19:
 228              	 .cfi_def_cfa_offset 8
 229 0052 BD46     	 mov sp,r7
 230              	.LCFI20:
 231              	 .cfi_def_cfa_register 13
 232              	 
 233 0054 80BD     	 pop {r7,pc}
 234              	 .cfi_endproc
 235              	.LFE224:
 237 0056 00BF     	 .section .text.XMC_SDMMC_EnableEventStatus,"ax",%progbits
 238              	 .align 2
 239              	 .global XMC_SDMMC_EnableEventStatus
 240              	 .thumb
 241              	 .thumb_func
 243              	XMC_SDMMC_EnableEventStatus:
 244              	.LFB225:
 223:../Libraries/XMCLib/src/xmc_sdmmc.c **** 
 224:../Libraries/XMCLib/src/xmc_sdmmc.c **** /* Enable event status */
 225:../Libraries/XMCLib/src/xmc_sdmmc.c **** void XMC_SDMMC_EnableEventStatus(XMC_SDMMC_t *const sdmmc, uint32_t event)
 226:../Libraries/XMCLib/src/xmc_sdmmc.c **** {
 245              	 .loc 1 226 0
 246              	 .cfi_startproc
 247              	 
 248              	 
 249              	 
 250 0000 80B4     	 push {r7}
 251              	.LCFI21:
 252              	 .cfi_def_cfa_offset 4
 253              	 .cfi_offset 7,-4
 254 0002 83B0     	 sub sp,sp,#12
 255              	.LCFI22:
 256              	 .cfi_def_cfa_offset 16
 257 0004 00AF     	 add r7,sp,#0
 258              	.LCFI23:
 259              	 .cfi_def_cfa_register 7
 260 0006 7860     	 str r0,[r7,#4]
 261 0008 3960     	 str r1,[r7]
 227:../Libraries/XMCLib/src/xmc_sdmmc.c ****   XMC_ASSERT("XMC_SDMMC_EnableEventStatus: Invalid module pointer", XMC_SDMMC_CHECK_MODULE_PTR(sdmm
 228:../Libraries/XMCLib/src/xmc_sdmmc.c **** 
 229:../Libraries/XMCLib/src/xmc_sdmmc.c ****   /* Set INT status enable register */
 230:../Libraries/XMCLib/src/xmc_sdmmc.c ****   sdmmc->EN_INT_STATUS_NORM |= (uint16_t)event;
 262              	 .loc 1 230 0
 263 000a 7B68     	 ldr r3,[r7,#4]
 264 000c 9B8E     	 ldrh r3,[r3,#52]
 265 000e 9AB2     	 uxth r2,r3
 266 0010 3B68     	 ldr r3,[r7]
 267 0012 9BB2     	 uxth r3,r3
 268 0014 1343     	 orrs r3,r3,r2
 269 0016 9AB2     	 uxth r2,r3
 270 0018 7B68     	 ldr r3,[r7,#4]
 271 001a 9A86     	 strh r2,[r3,#52]
 231:../Libraries/XMCLib/src/xmc_sdmmc.c ****   sdmmc->EN_INT_STATUS_ERR |= (uint16_t)(event >> 16U);
 272              	 .loc 1 231 0
 273 001c 7B68     	 ldr r3,[r7,#4]
 274 001e DB8E     	 ldrh r3,[r3,#54]
 275 0020 9AB2     	 uxth r2,r3
 276 0022 3B68     	 ldr r3,[r7]
 277 0024 1B0C     	 lsrs r3,r3,#16
 278 0026 9BB2     	 uxth r3,r3
 279 0028 1343     	 orrs r3,r3,r2
 280 002a 9AB2     	 uxth r2,r3
 281 002c 7B68     	 ldr r3,[r7,#4]
 282 002e DA86     	 strh r2,[r3,#54]
 232:../Libraries/XMCLib/src/xmc_sdmmc.c **** }
 283              	 .loc 1 232 0
 284 0030 0C37     	 adds r7,r7,#12
 285              	.LCFI24:
 286              	 .cfi_def_cfa_offset 4
 287 0032 BD46     	 mov sp,r7
 288              	.LCFI25:
 289              	 .cfi_def_cfa_register 13
 290              	 
 291 0034 5DF8047B 	 ldr r7,[sp],#4
 292              	.LCFI26:
 293              	 .cfi_restore 7
 294              	 .cfi_def_cfa_offset 0
 295 0038 7047     	 bx lr
 296              	 .cfi_endproc
 297              	.LFE225:
 299 003a 00BF     	 .section .text.XMC_SDMMC_DisableEventStatus,"ax",%progbits
 300              	 .align 2
 301              	 .global XMC_SDMMC_DisableEventStatus
 302              	 .thumb
 303              	 .thumb_func
 305              	XMC_SDMMC_DisableEventStatus:
 306              	.LFB226:
 233:../Libraries/XMCLib/src/xmc_sdmmc.c **** 
 234:../Libraries/XMCLib/src/xmc_sdmmc.c **** /* Disable event status */
 235:../Libraries/XMCLib/src/xmc_sdmmc.c **** void XMC_SDMMC_DisableEventStatus(XMC_SDMMC_t *const sdmmc, uint32_t event)
 236:../Libraries/XMCLib/src/xmc_sdmmc.c **** {
 307              	 .loc 1 236 0
 308              	 .cfi_startproc
 309              	 
 310              	 
 311              	 
 312 0000 80B4     	 push {r7}
 313              	.LCFI27:
 314              	 .cfi_def_cfa_offset 4
 315              	 .cfi_offset 7,-4
 316 0002 83B0     	 sub sp,sp,#12
 317              	.LCFI28:
 318              	 .cfi_def_cfa_offset 16
 319 0004 00AF     	 add r7,sp,#0
 320              	.LCFI29:
 321              	 .cfi_def_cfa_register 7
 322 0006 7860     	 str r0,[r7,#4]
 323 0008 3960     	 str r1,[r7]
 237:../Libraries/XMCLib/src/xmc_sdmmc.c ****   XMC_ASSERT("XMC_SDMMC_DisableEventStatus: Invalid module pointer", XMC_SDMMC_CHECK_MODULE_PTR(sdm
 238:../Libraries/XMCLib/src/xmc_sdmmc.c **** 
 239:../Libraries/XMCLib/src/xmc_sdmmc.c ****   /* Clear INT status enable register */
 240:../Libraries/XMCLib/src/xmc_sdmmc.c ****   sdmmc->EN_INT_STATUS_NORM &= (uint16_t)~event;
 324              	 .loc 1 240 0
 325 000a 7B68     	 ldr r3,[r7,#4]
 326 000c 9B8E     	 ldrh r3,[r3,#52]
 327 000e 9AB2     	 uxth r2,r3
 328 0010 3B68     	 ldr r3,[r7]
 329 0012 9BB2     	 uxth r3,r3
 330 0014 DB43     	 mvns r3,r3
 331 0016 9BB2     	 uxth r3,r3
 332 0018 1340     	 ands r3,r3,r2
 333 001a 9AB2     	 uxth r2,r3
 334 001c 7B68     	 ldr r3,[r7,#4]
 335 001e 9A86     	 strh r2,[r3,#52]
 241:../Libraries/XMCLib/src/xmc_sdmmc.c ****   sdmmc->EN_INT_STATUS_ERR &= (uint16_t)~(event >> 16U);
 336              	 .loc 1 241 0
 337 0020 7B68     	 ldr r3,[r7,#4]
 338 0022 DB8E     	 ldrh r3,[r3,#54]
 339 0024 9AB2     	 uxth r2,r3
 340 0026 3B68     	 ldr r3,[r7]
 341 0028 1B0C     	 lsrs r3,r3,#16
 342 002a 9BB2     	 uxth r3,r3
 343 002c DB43     	 mvns r3,r3
 344 002e 9BB2     	 uxth r3,r3
 345 0030 1340     	 ands r3,r3,r2
 346 0032 9AB2     	 uxth r2,r3
 347 0034 7B68     	 ldr r3,[r7,#4]
 348 0036 DA86     	 strh r2,[r3,#54]
 242:../Libraries/XMCLib/src/xmc_sdmmc.c **** }
 349              	 .loc 1 242 0
 350 0038 0C37     	 adds r7,r7,#12
 351              	.LCFI30:
 352              	 .cfi_def_cfa_offset 4
 353 003a BD46     	 mov sp,r7
 354              	.LCFI31:
 355              	 .cfi_def_cfa_register 13
 356              	 
 357 003c 5DF8047B 	 ldr r7,[sp],#4
 358              	.LCFI32:
 359              	 .cfi_restore 7
 360              	 .cfi_def_cfa_offset 0
 361 0040 7047     	 bx lr
 362              	 .cfi_endproc
 363              	.LFE226:
 365 0042 00BF     	 .section .text.XMC_SDMMC_EnableEvent,"ax",%progbits
 366              	 .align 2
 367              	 .global XMC_SDMMC_EnableEvent
 368              	 .thumb
 369              	 .thumb_func
 371              	XMC_SDMMC_EnableEvent:
 372              	.LFB227:
 243:../Libraries/XMCLib/src/xmc_sdmmc.c **** 
 244:../Libraries/XMCLib/src/xmc_sdmmc.c **** /* Enable SDMMC event */
 245:../Libraries/XMCLib/src/xmc_sdmmc.c **** void XMC_SDMMC_EnableEvent(XMC_SDMMC_t *const sdmmc, uint32_t event)
 246:../Libraries/XMCLib/src/xmc_sdmmc.c **** {
 373              	 .loc 1 246 0
 374              	 .cfi_startproc
 375              	 
 376              	 
 377 0000 80B5     	 push {r7,lr}
 378              	.LCFI33:
 379              	 .cfi_def_cfa_offset 8
 380              	 .cfi_offset 7,-8
 381              	 .cfi_offset 14,-4
 382 0002 82B0     	 sub sp,sp,#8
 383              	.LCFI34:
 384              	 .cfi_def_cfa_offset 16
 385 0004 00AF     	 add r7,sp,#0
 386              	.LCFI35:
 387              	 .cfi_def_cfa_register 7
 388 0006 7860     	 str r0,[r7,#4]
 389 0008 3960     	 str r1,[r7]
 247:../Libraries/XMCLib/src/xmc_sdmmc.c ****   XMC_ASSERT("XMC_SDMMC_EnableEvent: Invalid module pointer", XMC_SDMMC_CHECK_MODULE_PTR(sdmmc));
 248:../Libraries/XMCLib/src/xmc_sdmmc.c ****   
 249:../Libraries/XMCLib/src/xmc_sdmmc.c ****   XMC_SDMMC_EnableEventStatus(sdmmc, event);
 390              	 .loc 1 249 0
 391 000a 7868     	 ldr r0,[r7,#4]
 392 000c 3968     	 ldr r1,[r7]
 393 000e FFF7FEFF 	 bl XMC_SDMMC_EnableEventStatus
 250:../Libraries/XMCLib/src/xmc_sdmmc.c **** 
 251:../Libraries/XMCLib/src/xmc_sdmmc.c ****   sdmmc->EN_INT_SIGNAL_NORM |= (uint16_t)event;
 394              	 .loc 1 251 0
 395 0012 7B68     	 ldr r3,[r7,#4]
 396 0014 1B8F     	 ldrh r3,[r3,#56]
 397 0016 9AB2     	 uxth r2,r3
 398 0018 3B68     	 ldr r3,[r7]
 399 001a 9BB2     	 uxth r3,r3
 400 001c 1343     	 orrs r3,r3,r2
 401 001e 9AB2     	 uxth r2,r3
 402 0020 7B68     	 ldr r3,[r7,#4]
 403 0022 1A87     	 strh r2,[r3,#56]
 252:../Libraries/XMCLib/src/xmc_sdmmc.c ****   sdmmc->EN_INT_SIGNAL_ERR |= (uint16_t)(event >> 16U);
 404              	 .loc 1 252 0
 405 0024 7B68     	 ldr r3,[r7,#4]
 406 0026 5B8F     	 ldrh r3,[r3,#58]
 407 0028 9AB2     	 uxth r2,r3
 408 002a 3B68     	 ldr r3,[r7]
 409 002c 1B0C     	 lsrs r3,r3,#16
 410 002e 9BB2     	 uxth r3,r3
 411 0030 1343     	 orrs r3,r3,r2
 412 0032 9AB2     	 uxth r2,r3
 413 0034 7B68     	 ldr r3,[r7,#4]
 414 0036 5A87     	 strh r2,[r3,#58]
 253:../Libraries/XMCLib/src/xmc_sdmmc.c **** }
 415              	 .loc 1 253 0
 416 0038 0837     	 adds r7,r7,#8
 417              	.LCFI36:
 418              	 .cfi_def_cfa_offset 8
 419 003a BD46     	 mov sp,r7
 420              	.LCFI37:
 421              	 .cfi_def_cfa_register 13
 422              	 
 423 003c 80BD     	 pop {r7,pc}
 424              	 .cfi_endproc
 425              	.LFE227:
 427 003e 00BF     	 .section .text.XMC_SDMMC_DisableEvent,"ax",%progbits
 428              	 .align 2
 429              	 .global XMC_SDMMC_DisableEvent
 430              	 .thumb
 431              	 .thumb_func
 433              	XMC_SDMMC_DisableEvent:
 434              	.LFB228:
 254:../Libraries/XMCLib/src/xmc_sdmmc.c **** 
 255:../Libraries/XMCLib/src/xmc_sdmmc.c **** /* Disable SDMMC event without disabling event status */
 256:../Libraries/XMCLib/src/xmc_sdmmc.c **** void XMC_SDMMC_DisableEvent(XMC_SDMMC_t *const sdmmc, uint32_t event)
 257:../Libraries/XMCLib/src/xmc_sdmmc.c **** {
 435              	 .loc 1 257 0
 436              	 .cfi_startproc
 437              	 
 438              	 
 439              	 
 440 0000 80B4     	 push {r7}
 441              	.LCFI38:
 442              	 .cfi_def_cfa_offset 4
 443              	 .cfi_offset 7,-4
 444 0002 83B0     	 sub sp,sp,#12
 445              	.LCFI39:
 446              	 .cfi_def_cfa_offset 16
 447 0004 00AF     	 add r7,sp,#0
 448              	.LCFI40:
 449              	 .cfi_def_cfa_register 7
 450 0006 7860     	 str r0,[r7,#4]
 451 0008 3960     	 str r1,[r7]
 258:../Libraries/XMCLib/src/xmc_sdmmc.c ****   XMC_ASSERT("XMC_SDMMC_DisableEvent: Invalid module pointer", XMC_SDMMC_CHECK_MODULE_PTR(sdmmc));
 259:../Libraries/XMCLib/src/xmc_sdmmc.c **** 
 260:../Libraries/XMCLib/src/xmc_sdmmc.c ****   /* Clear INT signal enable register */
 261:../Libraries/XMCLib/src/xmc_sdmmc.c ****   sdmmc->EN_INT_SIGNAL_NORM &= (uint16_t)~event;
 452              	 .loc 1 261 0
 453 000a 7B68     	 ldr r3,[r7,#4]
 454 000c 1B8F     	 ldrh r3,[r3,#56]
 455 000e 9AB2     	 uxth r2,r3
 456 0010 3B68     	 ldr r3,[r7]
 457 0012 9BB2     	 uxth r3,r3
 458 0014 DB43     	 mvns r3,r3
 459 0016 9BB2     	 uxth r3,r3
 460 0018 1340     	 ands r3,r3,r2
 461 001a 9AB2     	 uxth r2,r3
 462 001c 7B68     	 ldr r3,[r7,#4]
 463 001e 1A87     	 strh r2,[r3,#56]
 262:../Libraries/XMCLib/src/xmc_sdmmc.c ****   sdmmc->EN_INT_SIGNAL_ERR &= (uint16_t)~(event >> 16U);
 464              	 .loc 1 262 0
 465 0020 7B68     	 ldr r3,[r7,#4]
 466 0022 5B8F     	 ldrh r3,[r3,#58]
 467 0024 9AB2     	 uxth r2,r3
 468 0026 3B68     	 ldr r3,[r7]
 469 0028 1B0C     	 lsrs r3,r3,#16
 470 002a 9BB2     	 uxth r3,r3
 471 002c DB43     	 mvns r3,r3
 472 002e 9BB2     	 uxth r3,r3
 473 0030 1340     	 ands r3,r3,r2
 474 0032 9AB2     	 uxth r2,r3
 475 0034 7B68     	 ldr r3,[r7,#4]
 476 0036 5A87     	 strh r2,[r3,#58]
 263:../Libraries/XMCLib/src/xmc_sdmmc.c **** }
 477              	 .loc 1 263 0
 478 0038 0C37     	 adds r7,r7,#12
 479              	.LCFI41:
 480              	 .cfi_def_cfa_offset 4
 481 003a BD46     	 mov sp,r7
 482              	.LCFI42:
 483              	 .cfi_def_cfa_register 13
 484              	 
 485 003c 5DF8047B 	 ldr r7,[sp],#4
 486              	.LCFI43:
 487              	 .cfi_restore 7
 488              	 .cfi_def_cfa_offset 0
 489 0040 7047     	 bx lr
 490              	 .cfi_endproc
 491              	.LFE228:
 493 0042 00BF     	 .section .text.XMC_SDMMC_ClearEvent,"ax",%progbits
 494              	 .align 2
 495              	 .global XMC_SDMMC_ClearEvent
 496              	 .thumb
 497              	 .thumb_func
 499              	XMC_SDMMC_ClearEvent:
 500              	.LFB229:
 264:../Libraries/XMCLib/src/xmc_sdmmc.c **** 
 265:../Libraries/XMCLib/src/xmc_sdmmc.c **** /* Clear SDMMC event(s) */
 266:../Libraries/XMCLib/src/xmc_sdmmc.c **** void XMC_SDMMC_ClearEvent(XMC_SDMMC_t *const sdmmc, uint32_t event)
 267:../Libraries/XMCLib/src/xmc_sdmmc.c **** {
 501              	 .loc 1 267 0
 502              	 .cfi_startproc
 503              	 
 504              	 
 505              	 
 506 0000 80B4     	 push {r7}
 507              	.LCFI44:
 508              	 .cfi_def_cfa_offset 4
 509              	 .cfi_offset 7,-4
 510 0002 83B0     	 sub sp,sp,#12
 511              	.LCFI45:
 512              	 .cfi_def_cfa_offset 16
 513 0004 00AF     	 add r7,sp,#0
 514              	.LCFI46:
 515              	 .cfi_def_cfa_register 7
 516 0006 7860     	 str r0,[r7,#4]
 517 0008 3960     	 str r1,[r7]
 268:../Libraries/XMCLib/src/xmc_sdmmc.c ****   XMC_ASSERT("XMC_SDMMC_ClearEvent: Invalid module pointer", XMC_SDMMC_CHECK_MODULE_PTR(sdmmc));
 269:../Libraries/XMCLib/src/xmc_sdmmc.c ****   XMC_ASSERT("XMC_SDMMC_ClearEvent: Invalid bit-field", !(event & XMC_SDMMC_TARGET_RESP_ERR));
 270:../Libraries/XMCLib/src/xmc_sdmmc.c **** 
 271:../Libraries/XMCLib/src/xmc_sdmmc.c ****   sdmmc->INT_STATUS_NORM = (uint16_t)event;
 518              	 .loc 1 271 0
 519 000a 3B68     	 ldr r3,[r7]
 520 000c 9AB2     	 uxth r2,r3
 521 000e 7B68     	 ldr r3,[r7,#4]
 522 0010 1A86     	 strh r2,[r3,#48]
 272:../Libraries/XMCLib/src/xmc_sdmmc.c ****   sdmmc->INT_STATUS_ERR = (uint16_t)(event >> 16U);
 523              	 .loc 1 272 0
 524 0012 3B68     	 ldr r3,[r7]
 525 0014 1B0C     	 lsrs r3,r3,#16
 526 0016 9AB2     	 uxth r2,r3
 527 0018 7B68     	 ldr r3,[r7,#4]
 528 001a 5A86     	 strh r2,[r3,#50]
 273:../Libraries/XMCLib/src/xmc_sdmmc.c **** }
 529              	 .loc 1 273 0
 530 001c 0C37     	 adds r7,r7,#12
 531              	.LCFI47:
 532              	 .cfi_def_cfa_offset 4
 533 001e BD46     	 mov sp,r7
 534              	.LCFI48:
 535              	 .cfi_def_cfa_register 13
 536              	 
 537 0020 5DF8047B 	 ldr r7,[sp],#4
 538              	.LCFI49:
 539              	 .cfi_restore 7
 540              	 .cfi_def_cfa_offset 0
 541 0024 7047     	 bx lr
 542              	 .cfi_endproc
 543              	.LFE229:
 545 0026 00BF     	 .section .text.XMC_SDMMC_GetEvent,"ax",%progbits
 546              	 .align 2
 547              	 .global XMC_SDMMC_GetEvent
 548              	 .thumb
 549              	 .thumb_func
 551              	XMC_SDMMC_GetEvent:
 552              	.LFB230:
 274:../Libraries/XMCLib/src/xmc_sdmmc.c **** 
 275:../Libraries/XMCLib/src/xmc_sdmmc.c **** /* Get the status of an SDMMC event */
 276:../Libraries/XMCLib/src/xmc_sdmmc.c **** bool XMC_SDMMC_GetEvent(XMC_SDMMC_t *const sdmmc, XMC_SDMMC_EVENT_t event)
 277:../Libraries/XMCLib/src/xmc_sdmmc.c **** {  
 553              	 .loc 1 277 0
 554              	 .cfi_startproc
 555              	 
 556              	 
 557              	 
 558 0000 80B4     	 push {r7}
 559              	.LCFI50:
 560              	 .cfi_def_cfa_offset 4
 561              	 .cfi_offset 7,-4
 562 0002 85B0     	 sub sp,sp,#20
 563              	.LCFI51:
 564              	 .cfi_def_cfa_offset 24
 565 0004 00AF     	 add r7,sp,#0
 566              	.LCFI52:
 567              	 .cfi_def_cfa_register 7
 568 0006 7860     	 str r0,[r7,#4]
 569 0008 3960     	 str r1,[r7]
 278:../Libraries/XMCLib/src/xmc_sdmmc.c ****   bool status;
 279:../Libraries/XMCLib/src/xmc_sdmmc.c ****   
 280:../Libraries/XMCLib/src/xmc_sdmmc.c ****   XMC_ASSERT("XMC_SDMMC_GetEvent: Invalid module pointer", XMC_SDMMC_CHECK_MODULE_PTR(sdmmc));
 281:../Libraries/XMCLib/src/xmc_sdmmc.c ****   XMC_ASSERT("XMC_SDMMC_GetEvent: Invalid SDMMC event", XMC_SDMMC_CHECK_EVENT(event));
 282:../Libraries/XMCLib/src/xmc_sdmmc.c **** 
 283:../Libraries/XMCLib/src/xmc_sdmmc.c ****   if (event < XMC_SDMMC_CMD_TIMEOUT_ERR)
 570              	 .loc 1 283 0
 571 000a 3B68     	 ldr r3,[r7]
 572 000c B3F5803F 	 cmp r3,#65536
 573 0010 0CD2     	 bcs .L17
 284:../Libraries/XMCLib/src/xmc_sdmmc.c ****   {
 285:../Libraries/XMCLib/src/xmc_sdmmc.c ****     status = (bool)(sdmmc->INT_STATUS_NORM & (uint16_t)event);
 574              	 .loc 1 285 0
 575 0012 7B68     	 ldr r3,[r7,#4]
 576 0014 1B8E     	 ldrh r3,[r3,#48]
 577 0016 9AB2     	 uxth r2,r3
 578 0018 3B68     	 ldr r3,[r7]
 579 001a 9BB2     	 uxth r3,r3
 580 001c 1340     	 ands r3,r3,r2
 581 001e 9BB2     	 uxth r3,r3
 582 0020 002B     	 cmp r3,#0
 583 0022 14BF     	 ite ne
 584 0024 0123     	 movne r3,#1
 585 0026 0023     	 moveq r3,#0
 586 0028 FB73     	 strb r3,[r7,#15]
 587 002a 0CE0     	 b .L18
 588              	.L17:
 286:../Libraries/XMCLib/src/xmc_sdmmc.c ****   }
 287:../Libraries/XMCLib/src/xmc_sdmmc.c ****   else
 288:../Libraries/XMCLib/src/xmc_sdmmc.c ****   {
 289:../Libraries/XMCLib/src/xmc_sdmmc.c ****     status = (bool)(sdmmc->INT_STATUS_ERR & (uint16_t)((uint32_t)event >> 16U));
 589              	 .loc 1 289 0
 590 002c 7B68     	 ldr r3,[r7,#4]
 591 002e 5B8E     	 ldrh r3,[r3,#50]
 592 0030 9AB2     	 uxth r2,r3
 593 0032 3B68     	 ldr r3,[r7]
 594 0034 1B0C     	 lsrs r3,r3,#16
 595 0036 9BB2     	 uxth r3,r3
 596 0038 1340     	 ands r3,r3,r2
 597 003a 9BB2     	 uxth r3,r3
 598 003c 002B     	 cmp r3,#0
 599 003e 14BF     	 ite ne
 600 0040 0123     	 movne r3,#1
 601 0042 0023     	 moveq r3,#0
 602 0044 FB73     	 strb r3,[r7,#15]
 603              	.L18:
 290:../Libraries/XMCLib/src/xmc_sdmmc.c ****   }
 291:../Libraries/XMCLib/src/xmc_sdmmc.c ****   
 292:../Libraries/XMCLib/src/xmc_sdmmc.c ****   return status;
 604              	 .loc 1 292 0
 605 0046 FB7B     	 ldrb r3,[r7,#15]
 293:../Libraries/XMCLib/src/xmc_sdmmc.c **** }
 606              	 .loc 1 293 0
 607 0048 1846     	 mov r0,r3
 608 004a 1437     	 adds r7,r7,#20
 609              	.LCFI53:
 610              	 .cfi_def_cfa_offset 4
 611 004c BD46     	 mov sp,r7
 612              	.LCFI54:
 613              	 .cfi_def_cfa_register 13
 614              	 
 615 004e 5DF8047B 	 ldr r7,[sp],#4
 616              	.LCFI55:
 617              	 .cfi_restore 7
 618              	 .cfi_def_cfa_offset 0
 619 0052 7047     	 bx lr
 620              	 .cfi_endproc
 621              	.LFE230:
 623              	 .section .text.XMC_SDMMC_GetR2Response,"ax",%progbits
 624              	 .align 2
 625              	 .global XMC_SDMMC_GetR2Response
 626              	 .thumb
 627              	 .thumb_func
 629              	XMC_SDMMC_GetR2Response:
 630              	.LFB231:
 294:../Libraries/XMCLib/src/xmc_sdmmc.c **** 
 295:../Libraries/XMCLib/src/xmc_sdmmc.c **** /* Read R2 response (CID, CSD register) */
 296:../Libraries/XMCLib/src/xmc_sdmmc.c **** void XMC_SDMMC_GetR2Response(XMC_SDMMC_t *const sdmmc, XMC_SDMMC_RESPONSE_t *const response)
 297:../Libraries/XMCLib/src/xmc_sdmmc.c **** {
 631              	 .loc 1 297 0
 632              	 .cfi_startproc
 633              	 
 634              	 
 635              	 
 636 0000 80B4     	 push {r7}
 637              	.LCFI56:
 638              	 .cfi_def_cfa_offset 4
 639              	 .cfi_offset 7,-4
 640 0002 83B0     	 sub sp,sp,#12
 641              	.LCFI57:
 642              	 .cfi_def_cfa_offset 16
 643 0004 00AF     	 add r7,sp,#0
 644              	.LCFI58:
 645              	 .cfi_def_cfa_register 7
 646 0006 7860     	 str r0,[r7,#4]
 647 0008 3960     	 str r1,[r7]
 298:../Libraries/XMCLib/src/xmc_sdmmc.c ****   XMC_ASSERT("XMC_SDMMC_GetR2Response: Invalid module pointer", XMC_SDMMC_CHECK_MODULE_PTR(sdmmc));
 299:../Libraries/XMCLib/src/xmc_sdmmc.c ****   
 300:../Libraries/XMCLib/src/xmc_sdmmc.c ****   response->response_0 = sdmmc->RESPONSE[0];
 648              	 .loc 1 300 0
 649 000a 7B68     	 ldr r3,[r7,#4]
 650 000c 1A69     	 ldr r2,[r3,#16]
 651 000e 3B68     	 ldr r3,[r7]
 652 0010 1A60     	 str r2,[r3]
 301:../Libraries/XMCLib/src/xmc_sdmmc.c ****   response->response_2 = sdmmc->RESPONSE[1];
 653              	 .loc 1 301 0
 654 0012 7B68     	 ldr r3,[r7,#4]
 655 0014 5A69     	 ldr r2,[r3,#20]
 656 0016 3B68     	 ldr r3,[r7]
 657 0018 5A60     	 str r2,[r3,#4]
 302:../Libraries/XMCLib/src/xmc_sdmmc.c ****   response->response_4 = sdmmc->RESPONSE[2];
 658              	 .loc 1 302 0
 659 001a 7B68     	 ldr r3,[r7,#4]
 660 001c 9A69     	 ldr r2,[r3,#24]
 661 001e 3B68     	 ldr r3,[r7]
 662 0020 9A60     	 str r2,[r3,#8]
 303:../Libraries/XMCLib/src/xmc_sdmmc.c ****   response->response_6 = sdmmc->RESPONSE[3];
 663              	 .loc 1 303 0
 664 0022 7B68     	 ldr r3,[r7,#4]
 665 0024 DA69     	 ldr r2,[r3,#28]
 666 0026 3B68     	 ldr r3,[r7]
 667 0028 DA60     	 str r2,[r3,#12]
 304:../Libraries/XMCLib/src/xmc_sdmmc.c **** }
 668              	 .loc 1 304 0
 669 002a 0C37     	 adds r7,r7,#12
 670              	.LCFI59:
 671              	 .cfi_def_cfa_offset 4
 672 002c BD46     	 mov sp,r7
 673              	.LCFI60:
 674              	 .cfi_def_cfa_register 13
 675              	 
 676 002e 5DF8047B 	 ldr r7,[sp],#4
 677              	.LCFI61:
 678              	 .cfi_restore 7
 679              	 .cfi_def_cfa_offset 0
 680 0032 7047     	 bx lr
 681              	 .cfi_endproc
 682              	.LFE231:
 684              	 .section .text.XMC_SDMMC_SendCommand,"ax",%progbits
 685              	 .align 2
 686              	 .global XMC_SDMMC_SendCommand
 687              	 .thumb
 688              	 .thumb_func
 690              	XMC_SDMMC_SendCommand:
 691              	.LFB232:
 305:../Libraries/XMCLib/src/xmc_sdmmc.c **** 
 306:../Libraries/XMCLib/src/xmc_sdmmc.c **** /* Send SDMMC command */
 307:../Libraries/XMCLib/src/xmc_sdmmc.c **** XMC_SDMMC_STATUS_t XMC_SDMMC_SendCommand(XMC_SDMMC_t *const sdmmc, const XMC_SDMMC_COMMAND_t *cmd, 
 308:../Libraries/XMCLib/src/xmc_sdmmc.c **** {
 692              	 .loc 1 308 0
 693              	 .cfi_startproc
 694              	 
 695              	 
 696              	 
 697 0000 80B4     	 push {r7}
 698              	.LCFI62:
 699              	 .cfi_def_cfa_offset 4
 700              	 .cfi_offset 7,-4
 701 0002 85B0     	 sub sp,sp,#20
 702              	.LCFI63:
 703              	 .cfi_def_cfa_offset 24
 704 0004 00AF     	 add r7,sp,#0
 705              	.LCFI64:
 706              	 .cfi_def_cfa_register 7
 707 0006 F860     	 str r0,[r7,#12]
 708 0008 B960     	 str r1,[r7,#8]
 709 000a 7A60     	 str r2,[r7,#4]
 309:../Libraries/XMCLib/src/xmc_sdmmc.c ****   XMC_ASSERT("XMC_SDMMC_SendCommand: Invalid module pointer", XMC_SDMMC_CHECK_MODULE_PTR(sdmmc));
 310:../Libraries/XMCLib/src/xmc_sdmmc.c ****   
 311:../Libraries/XMCLib/src/xmc_sdmmc.c ****   sdmmc->ARGUMENT1 = arg;
 710              	 .loc 1 311 0
 711 000c FB68     	 ldr r3,[r7,#12]
 712 000e 7A68     	 ldr r2,[r7,#4]
 713 0010 9A60     	 str r2,[r3,#8]
 312:../Libraries/XMCLib/src/xmc_sdmmc.c ****   sdmmc->COMMAND = (uint16_t)(*(uint16_t *)cmd);
 714              	 .loc 1 312 0
 715 0012 BB68     	 ldr r3,[r7,#8]
 716 0014 1A88     	 ldrh r2,[r3]
 717 0016 FB68     	 ldr r3,[r7,#12]
 718 0018 DA81     	 strh r2,[r3,#14]
 313:../Libraries/XMCLib/src/xmc_sdmmc.c ****   
 314:../Libraries/XMCLib/src/xmc_sdmmc.c ****   return XMC_SDMMC_STATUS_SUCCESS;
 719              	 .loc 1 314 0
 720 001a 0023     	 movs r3,#0
 315:../Libraries/XMCLib/src/xmc_sdmmc.c **** }
 721              	 .loc 1 315 0
 722 001c 1846     	 mov r0,r3
 723 001e 1437     	 adds r7,r7,#20
 724              	.LCFI65:
 725              	 .cfi_def_cfa_offset 4
 726 0020 BD46     	 mov sp,r7
 727              	.LCFI66:
 728              	 .cfi_def_cfa_register 13
 729              	 
 730 0022 5DF8047B 	 ldr r7,[sp],#4
 731              	.LCFI67:
 732              	 .cfi_restore 7
 733              	 .cfi_def_cfa_offset 0
 734 0026 7047     	 bx lr
 735              	 .cfi_endproc
 736              	.LFE232:
 738              	 .section .text.XMC_SDMMC_SetDataTransferMode,"ax",%progbits
 739              	 .align 2
 740              	 .global XMC_SDMMC_SetDataTransferMode
 741              	 .thumb
 742              	 .thumb_func
 744              	XMC_SDMMC_SetDataTransferMode:
 745              	.LFB233:
 316:../Libraries/XMCLib/src/xmc_sdmmc.c **** 
 317:../Libraries/XMCLib/src/xmc_sdmmc.c **** /* Set data transfer mode */
 318:../Libraries/XMCLib/src/xmc_sdmmc.c **** void XMC_SDMMC_SetDataTransferMode(XMC_SDMMC_t *const sdmmc, XMC_SDMMC_TRANSFER_MODE_t *const respo
 319:../Libraries/XMCLib/src/xmc_sdmmc.c **** {
 746              	 .loc 1 319 0
 747              	 .cfi_startproc
 748              	 
 749              	 
 750              	 
 751 0000 80B4     	 push {r7}
 752              	.LCFI68:
 753              	 .cfi_def_cfa_offset 4
 754              	 .cfi_offset 7,-4
 755 0002 83B0     	 sub sp,sp,#12
 756              	.LCFI69:
 757              	 .cfi_def_cfa_offset 16
 758 0004 00AF     	 add r7,sp,#0
 759              	.LCFI70:
 760              	 .cfi_def_cfa_register 7
 761 0006 7860     	 str r0,[r7,#4]
 762 0008 3960     	 str r1,[r7]
 320:../Libraries/XMCLib/src/xmc_sdmmc.c ****   XMC_ASSERT("XMC_SDMMC_SetDataTransferMode: Invalid module pointer", XMC_SDMMC_CHECK_MODULE_PTR(sd
 321:../Libraries/XMCLib/src/xmc_sdmmc.c ****   XMC_ASSERT("XMC_SDMMC_SetDataTransferMode: Invalid transfer type", XMC_SDMMC_CHECK_TRANSFER_MODE(
 322:../Libraries/XMCLib/src/xmc_sdmmc.c ****   
 323:../Libraries/XMCLib/src/xmc_sdmmc.c ****   /* Block size */
 324:../Libraries/XMCLib/src/xmc_sdmmc.c ****   sdmmc->BLOCK_SIZE = (uint16_t)(response->block_size);
 763              	 .loc 1 324 0
 764 000a 3B68     	 ldr r3,[r7]
 765 000c 1B68     	 ldr r3,[r3]
 766 000e 9AB2     	 uxth r2,r3
 767 0010 7B68     	 ldr r3,[r7,#4]
 768 0012 9A80     	 strh r2,[r3,#4]
 325:../Libraries/XMCLib/src/xmc_sdmmc.c ****   
 326:../Libraries/XMCLib/src/xmc_sdmmc.c ****   /* Number of blocks */
 327:../Libraries/XMCLib/src/xmc_sdmmc.c ****   sdmmc->BLOCK_COUNT = (uint16_t)(response->num_blocks);
 769              	 .loc 1 327 0
 770 0014 3B68     	 ldr r3,[r7]
 771 0016 5B68     	 ldr r3,[r3,#4]
 772 0018 9AB2     	 uxth r2,r3
 773 001a 7B68     	 ldr r3,[r7,#4]
 774 001c DA80     	 strh r2,[r3,#6]
 328:../Libraries/XMCLib/src/xmc_sdmmc.c **** 
 329:../Libraries/XMCLib/src/xmc_sdmmc.c ****   /* Type of data transfer: single, infinite, multiple or stop multiple */
 330:../Libraries/XMCLib/src/xmc_sdmmc.c ****   sdmmc->TRANSFER_MODE = (uint16_t)((sdmmc->TRANSFER_MODE & (uint16_t)~SDMMC_TRANSFER_MODE_MULTI_BL
 775              	 .loc 1 330 0
 776 001e 7B68     	 ldr r3,[r7,#4]
 777 0020 9B89     	 ldrh r3,[r3,#12]
 778 0022 9BB2     	 uxth r3,r3
 779 0024 9BB2     	 uxth r3,r3
 780 0026 23F02003 	 bic r3,r3,#32
 781 002a 9AB2     	 uxth r2,r3
 331:../Libraries/XMCLib/src/xmc_sdmmc.c ****                                     ((uint16_t)response->type));
 782              	 .loc 1 331 0
 783 002c 3B68     	 ldr r3,[r7]
 784 002e 1B7A     	 ldrb r3,[r3,#8]
 330:../Libraries/XMCLib/src/xmc_sdmmc.c ****                                     ((uint16_t)response->type));
 785              	 .loc 1 330 0
 786 0030 9BB2     	 uxth r3,r3
 787 0032 1343     	 orrs r3,r3,r2
 788 0034 9BB2     	 uxth r3,r3
 789 0036 9AB2     	 uxth r2,r3
 790 0038 7B68     	 ldr r3,[r7,#4]
 791 003a 9A81     	 strh r2,[r3,#12]
 332:../Libraries/XMCLib/src/xmc_sdmmc.c **** 
 333:../Libraries/XMCLib/src/xmc_sdmmc.c ****   /*
 334:../Libraries/XMCLib/src/xmc_sdmmc.c ****    * Clear block count enable bit; that's only valid for
 335:../Libraries/XMCLib/src/xmc_sdmmc.c ****    * a multi-block transfer
 336:../Libraries/XMCLib/src/xmc_sdmmc.c ****    */
 337:../Libraries/XMCLib/src/xmc_sdmmc.c ****   if (response->type == XMC_SDMMC_TRANSFER_MODE_TYPE_SINGLE)
 792              	 .loc 1 337 0
 793 003c 3B68     	 ldr r3,[r7]
 794 003e 1B7A     	 ldrb r3,[r3,#8]
 795 0040 002B     	 cmp r3,#0
 796 0042 07D1     	 bne .L24
 338:../Libraries/XMCLib/src/xmc_sdmmc.c ****   {
 339:../Libraries/XMCLib/src/xmc_sdmmc.c ****     sdmmc->TRANSFER_MODE &= (uint16_t)~SDMMC_TRANSFER_MODE_BLOCK_COUNT_EN_Msk;
 797              	 .loc 1 339 0
 798 0044 7B68     	 ldr r3,[r7,#4]
 799 0046 9B89     	 ldrh r3,[r3,#12]
 800 0048 9BB2     	 uxth r3,r3
 801 004a 23F00203 	 bic r3,r3,#2
 802 004e 9AB2     	 uxth r2,r3
 803 0050 7B68     	 ldr r3,[r7,#4]
 804 0052 9A81     	 strh r2,[r3,#12]
 805              	.L24:
 340:../Libraries/XMCLib/src/xmc_sdmmc.c ****   }
 341:../Libraries/XMCLib/src/xmc_sdmmc.c **** 
 342:../Libraries/XMCLib/src/xmc_sdmmc.c ****   /* Auto CMD configuration */
 343:../Libraries/XMCLib/src/xmc_sdmmc.c ****   sdmmc->TRANSFER_MODE = (uint16_t)((sdmmc->TRANSFER_MODE & (uint16_t)~SDMMC_TRANSFER_MODE_ACMD_EN_
 806              	 .loc 1 343 0
 807 0054 7B68     	 ldr r3,[r7,#4]
 808 0056 9B89     	 ldrh r3,[r3,#12]
 809 0058 9BB2     	 uxth r3,r3
 810 005a 9BB2     	 uxth r3,r3
 811 005c 23F00C03 	 bic r3,r3,#12
 812 0060 9AB2     	 uxth r2,r3
 344:../Libraries/XMCLib/src/xmc_sdmmc.c ****                                     ((uint16_t)response->auto_cmd << SDMMC_TRANSFER_MODE_ACMD_EN_Po
 813              	 .loc 1 344 0
 814 0062 3B68     	 ldr r3,[r7]
 815 0064 5B7A     	 ldrb r3,[r3,#9]
 816 0066 9B00     	 lsls r3,r3,#2
 343:../Libraries/XMCLib/src/xmc_sdmmc.c ****                                     ((uint16_t)response->auto_cmd << SDMMC_TRANSFER_MODE_ACMD_EN_Po
 817              	 .loc 1 343 0
 818 0068 9BB2     	 uxth r3,r3
 819 006a 1343     	 orrs r3,r3,r2
 820 006c 9BB2     	 uxth r3,r3
 821 006e 9AB2     	 uxth r2,r3
 822 0070 7B68     	 ldr r3,[r7,#4]
 823 0072 9A81     	 strh r2,[r3,#12]
 345:../Libraries/XMCLib/src/xmc_sdmmc.c **** }
 824              	 .loc 1 345 0
 825 0074 0C37     	 adds r7,r7,#12
 826              	.LCFI71:
 827              	 .cfi_def_cfa_offset 4
 828 0076 BD46     	 mov sp,r7
 829              	.LCFI72:
 830              	 .cfi_def_cfa_register 13
 831              	 
 832 0078 5DF8047B 	 ldr r7,[sp],#4
 833              	.LCFI73:
 834              	 .cfi_restore 7
 835              	 .cfi_def_cfa_offset 0
 836 007c 7047     	 bx lr
 837              	 .cfi_endproc
 838              	.LFE233:
 840 007e 00BF     	 .text
 841              	.Letext0:
 842              	 .file 2 "c:\\tools\\dave-ide-4.4.2-64bit\\eclipse\\arm-gcc-49\\arm-none-eabi\\include\\machine\\_default_types.h"
 843              	 .file 3 "c:\\tools\\dave-ide-4.4.2-64bit\\eclipse\\arm-gcc-49\\arm-none-eabi\\include\\stdint.h"
 844              	 .file 4 "C:/Users/Admin/DaveWorkspaces/XMC4300_PWMTest/Libraries/XMCLib/inc/xmc_sdmmc.h"
 845              	 .file 5 "C:/Users/Admin/DaveWorkspaces/XMC4300_PWMTest/Libraries/XMCLib/inc/xmc4_scu.h"
 846              	 .file 6 "C:/Users/Admin/DaveWorkspaces/XMC4300_PWMTest/Libraries/CMSIS/Include/cmsis_gcc.h"
 847              	 .file 7 "C:/Users/Admin/DaveWorkspaces/XMC4300_PWMTest/Libraries/CMSIS/Include/core_cm4.h"
 848              	 .file 8 "C:/Users/Admin/DaveWorkspaces/XMC4300_PWMTest/Libraries/CMSIS/Infineon/XMC4300_series/Include/system_XMC4300.h"
DEFINED SYMBOLS
                            *ABS*:00000000 xmc_sdmmc.c
    {standard input}:20     .text.XMC_SDMMC_GetPowerStatus:00000000 $t
    {standard input}:25     .text.XMC_SDMMC_GetPowerStatus:00000000 XMC_SDMMC_GetPowerStatus
    {standard input}:72     .text.XMC_SDMMC_Enable:00000000 $t
    {standard input}:77     .text.XMC_SDMMC_Enable:00000000 XMC_SDMMC_Enable
    {standard input}:113    .text.XMC_SDMMC_Enable:0000001c $d
    {standard input}:118    .text.XMC_SDMMC_Disable:00000000 $t
    {standard input}:123    .text.XMC_SDMMC_Disable:00000000 XMC_SDMMC_Disable
    {standard input}:159    .text.XMC_SDMMC_Disable:0000001c $d
    {standard input}:164    .text.XMC_SDMMC_Init:00000000 $t
    {standard input}:169    .text.XMC_SDMMC_Init:00000000 XMC_SDMMC_Init
    {standard input}:238    .text.XMC_SDMMC_EnableEventStatus:00000000 $t
    {standard input}:243    .text.XMC_SDMMC_EnableEventStatus:00000000 XMC_SDMMC_EnableEventStatus
    {standard input}:300    .text.XMC_SDMMC_DisableEventStatus:00000000 $t
    {standard input}:305    .text.XMC_SDMMC_DisableEventStatus:00000000 XMC_SDMMC_DisableEventStatus
    {standard input}:366    .text.XMC_SDMMC_EnableEvent:00000000 $t
    {standard input}:371    .text.XMC_SDMMC_EnableEvent:00000000 XMC_SDMMC_EnableEvent
    {standard input}:428    .text.XMC_SDMMC_DisableEvent:00000000 $t
    {standard input}:433    .text.XMC_SDMMC_DisableEvent:00000000 XMC_SDMMC_DisableEvent
    {standard input}:494    .text.XMC_SDMMC_ClearEvent:00000000 $t
    {standard input}:499    .text.XMC_SDMMC_ClearEvent:00000000 XMC_SDMMC_ClearEvent
    {standard input}:546    .text.XMC_SDMMC_GetEvent:00000000 $t
    {standard input}:551    .text.XMC_SDMMC_GetEvent:00000000 XMC_SDMMC_GetEvent
    {standard input}:624    .text.XMC_SDMMC_GetR2Response:00000000 $t
    {standard input}:629    .text.XMC_SDMMC_GetR2Response:00000000 XMC_SDMMC_GetR2Response
    {standard input}:685    .text.XMC_SDMMC_SendCommand:00000000 $t
    {standard input}:690    .text.XMC_SDMMC_SendCommand:00000000 XMC_SDMMC_SendCommand
    {standard input}:739    .text.XMC_SDMMC_SetDataTransferMode:00000000 $t
    {standard input}:744    .text.XMC_SDMMC_SetDataTransferMode:00000000 XMC_SDMMC_SetDataTransferMode
                     .debug_frame:00000010 $d

UNDEFINED SYMBOLS
XMC_SCU_CLOCK_UngatePeripheralClock
XMC_SCU_RESET_DeassertPeripheralReset
XMC_SCU_RESET_AssertPeripheralReset
XMC_SCU_CLOCK_GatePeripheralClock
